-- Found ament_cmake: 1.3.14 (/opt/ros/humble/share/ament_cmake/cmake)
-- Override CMake install command with custom implementation using symlinks instead of copying resources
-- Found rclcpp: 16.0.19 (/opt/ros/humble/share/rclcpp/cmake)
-- Found rosidl_generator_c: 3.1.8 (/opt/ros/humble/share/rosidl_generator_c/cmake)
-- Found rosidl_adapter: 3.1.8 (/opt/ros/humble/share/rosidl_adapter/cmake)
-- Found rosidl_generator_cpp: 3.1.8 (/opt/ros/humble/share/rosidl_generator_cpp/cmake)
-- Using all available rosidl_typesupport_c: rosidl_typesupport_fastrtps_c;rosidl_typesupport_introspection_c
-- Using all available rosidl_typesupport_cpp: rosidl_typesupport_fastrtps_cpp;rosidl_typesupport_introspection_cpp
-- Found rmw_implementation_cmake: 6.1.2 (/opt/ros/humble/share/rmw_implementation_cmake/cmake)
-- Found rmw_fastrtps_cpp: 6.2.10 (/opt/ros/humble/share/rmw_fastrtps_cpp/cmake)
-- Using RMW implementation 'rmw_fastrtps_cpp' as default
-- Found sensor_msgs: 4.9.1 (/opt/ros/humble/share/sensor_msgs/cmake)
-- Found cv_bridge: 3.2.1 (/opt/ros/humble/share/cv_bridge/cmake)
-- Found message_filters: 4.3.16 (/opt/ros/humble/share/message_filters/cmake)
-- Configuring done
-- Generating done
-- Build files have been written to: /home/j/colcon_ws/build/orbslam3
Consolidate compiler generated dependencies of target rgbd
Consolidate compiler generated dependencies of target stereo-inertial
Consolidate compiler generated dependencies of target mono
Consolidate compiler generated dependencies of target stereo
[ 50%] Built target stereo-inertial
[ 50%] Built target rgbd
[ 75%] Built target stereo
[100%] Built target mono
-- Install configuration: "Release"
-- Execute custom install script
-- Up-to-date symlink: /home/j/colcon_ws/install/orbslam3/lib/orbslam3/mono
-- Up-to-date symlink: /home/j/colcon_ws/install/orbslam3/lib/orbslam3/rgbd
-- Up-to-date symlink: /home/j/colcon_ws/install/orbslam3/lib/orbslam3/stereo
-- Up-to-date symlink: /home/j/colcon_ws/install/orbslam3/lib/orbslam3/stereo-inertial
-- Symlinking: /home/j/colcon_ws/install/orbslam3/share/orbslam3//config/monocular-inertial/EuRoC.yaml
-- Symlinking: /home/j/colcon_ws/install/orbslam3/share/orbslam3//config/monocular-inertial/EuRoC_IMU/MH01.txt
-- Symlinking: /home/j/colcon_ws/install/orbslam3/share/orbslam3//config/monocular-inertial/EuRoC_IMU/MH02.txt
-- Symlinking: /home/j/colcon_ws/install/orbslam3/share/orbslam3//config/monocular-inertial/EuRoC_IMU/MH03.txt
-- Symlinking: /home/j/colcon_ws/install/orbslam3/share/orbslam3//config/monocular-inertial/EuRoC_IMU/MH04.txt
-- Symlinking: /home/j/colcon_ws/install/orbslam3/share/orbslam3//config/monocular-inertial/EuRoC_IMU/MH05.txt
-- Symlinking: /home/j/colcon_ws/install/orbslam3/share/orbslam3//config/monocular-inertial/EuRoC_IMU/V101.txt
-- Symlinking: /home/j/colcon_ws/install/orbslam3/share/orbslam3//config/monocular-inertial/EuRoC_IMU/V102.txt
-- Symlinking: /home/j/colcon_ws/install/orbslam3/share/orbslam3//config/monocular-inertial/EuRoC_IMU/V103.txt
-- Symlinking: /home/j/colcon_ws/install/orbslam3/share/orbslam3//config/monocular-inertial/EuRoC_IMU/V201.txt
-- Symlinking: /home/j/colcon_ws/install/orbslam3/share/orbslam3//config/monocular-inertial/EuRoC_IMU/V202.txt
-- Symlinking: /home/j/colcon_ws/install/orbslam3/share/orbslam3//config/monocular-inertial/EuRoC_IMU/V203.txt
-- Symlinking: /home/j/colcon_ws/install/orbslam3/share/orbslam3//config/monocular-inertial/EuRoC_TimeStamps/MH01.txt
-- Symlinking: /home/j/colcon_ws/install/orbslam3/share/orbslam3//config/monocular-inertial/EuRoC_TimeStamps/MH02.txt
-- Symlinking: /home/j/colcon_ws/install/orbslam3/share/orbslam3//config/monocular-inertial/EuRoC_TimeStamps/MH03.txt
-- Symlinking: /home/j/colcon_ws/install/orbslam3/share/orbslam3//config/monocular-inertial/EuRoC_TimeStamps/MH04.txt
-- Symlinking: /home/j/colcon_ws/install/orbslam3/share/orbslam3//config/monocular-inertial/EuRoC_TimeStamps/MH05.txt
-- Symlinking: /home/j/colcon_ws/install/orbslam3/share/orbslam3//config/monocular-inertial/EuRoC_TimeStamps/V101.txt
-- Symlinking: /home/j/colcon_ws/install/orbslam3/share/orbslam3//config/monocular-inertial/EuRoC_TimeStamps/V102.txt
-- Symlinking: /home/j/colcon_ws/install/orbslam3/share/orbslam3//config/monocular-inertial/EuRoC_TimeStamps/V103.txt
-- Symlinking: /home/j/colcon_ws/install/orbslam3/share/orbslam3//config/monocular-inertial/EuRoC_TimeStamps/V201.txt
-- Symlinking: /home/j/colcon_ws/install/orbslam3/share/orbslam3//config/monocular-inertial/EuRoC_TimeStamps/V202.txt
-- Symlinking: /home/j/colcon_ws/install/orbslam3/share/orbslam3//config/monocular-inertial/EuRoC_TimeStamps/V203.txt
-- Symlinking: /home/j/colcon_ws/install/orbslam3/share/orbslam3//config/monocular-inertial/MultiSession/EuRoC_MH01.yaml
-- Symlinking: /home/j/colcon_ws/install/orbslam3/share/orbslam3//config/monocular-inertial/MultiSession/EuRoC_MH02.yaml
-- Symlinking: /home/j/colcon_ws/install/orbslam3/share/orbslam3//config/monocular-inertial/MultiSession/EuRoC_MH03.yaml
-- Symlinking: /home/j/colcon_ws/install/orbslam3/share/orbslam3//config/monocular-inertial/MultiSession/EuRoC_MH04.yaml
-- Symlinking: /home/j/colcon_ws/install/orbslam3/share/orbslam3//config/monocular-inertial/MultiSession/EuRoC_MH05.yaml
-- Symlinking: /home/j/colcon_ws/install/orbslam3/share/orbslam3//config/monocular-inertial/MultiSession/EuRoC_V101.yaml
-- Symlinking: /home/j/colcon_ws/install/orbslam3/share/orbslam3//config/monocular-inertial/MultiSession/EuRoC_V102.yaml
-- Symlinking: /home/j/colcon_ws/install/orbslam3/share/orbslam3//config/monocular-inertial/MultiSession/EuRoC_V103.yaml
-- Symlinking: /home/j/colcon_ws/install/orbslam3/share/orbslam3//config/monocular-inertial/MultiSession/EuRoC_V201.yaml
-- Symlinking: /home/j/colcon_ws/install/orbslam3/share/orbslam3//config/monocular-inertial/MultiSession/EuRoC_V202.yaml
-- Symlinking: /home/j/colcon_ws/install/orbslam3/share/orbslam3//config/monocular-inertial/MultiSession/EuRoC_V203.yaml
-- Symlinking: /home/j/colcon_ws/install/orbslam3/share/orbslam3//config/monocular-inertial/RealSense_D435i.yaml
-- Symlinking: /home/j/colcon_ws/install/orbslam3/share/orbslam3//config/monocular-inertial/RealSense_D455.yaml
-- Symlinking: /home/j/colcon_ws/install/orbslam3/share/orbslam3//config/monocular-inertial/RealSense_T265.yaml
-- Symlinking: /home/j/colcon_ws/install/orbslam3/share/orbslam3//config/monocular-inertial/TUM-VI.yaml
-- Symlinking: /home/j/colcon_ws/install/orbslam3/share/orbslam3//config/monocular-inertial/TUM-VI_far.yaml
-- Symlinking: /home/j/colcon_ws/install/orbslam3/share/orbslam3//config/monocular-inertial/TUM_IMU/dataset-corridor1_512.txt
-- Symlinking: /home/j/colcon_ws/install/orbslam3/share/orbslam3//config/monocular-inertial/TUM_IMU/dataset-corridor2_1024.txt
-- Symlinking: /home/j/colcon_ws/install/orbslam3/share/orbslam3//config/monocular-inertial/TUM_IMU/dataset-corridor2_512.txt
-- Symlinking: /home/j/colcon_ws/install/orbslam3/share/orbslam3//config/monocular-inertial/TUM_IMU/dataset-corridor3_512.txt
-- Symlinking: /home/j/colcon_ws/install/orbslam3/share/orbslam3//config/monocular-inertial/TUM_IMU/dataset-corridor4_512.txt
-- Symlinking: /home/j/colcon_ws/install/orbslam3/share/orbslam3//config/monocular-inertial/TUM_IMU/dataset-corridor5_512.txt
-- Symlinking: /home/j/colcon_ws/install/orbslam3/share/orbslam3//config/monocular-inertial/TUM_IMU/dataset-magistrale1_512.txt
-- Symlinking: /home/j/colcon_ws/install/orbslam3/share/orbslam3//config/monocular-inertial/TUM_IMU/dataset-magistrale2_512.txt
-- Symlinking: /home/j/colcon_ws/install/orbslam3/share/orbslam3//config/monocular-inertial/TUM_IMU/dataset-magistrale3_512.txt
-- Symlinking: /home/j/colcon_ws/install/orbslam3/share/orbslam3//config/monocular-inertial/TUM_IMU/dataset-magistrale4_512.txt
-- Symlinking: /home/j/colcon_ws/install/orbslam3/share/orbslam3//config/monocular-inertial/TUM_IMU/dataset-magistrale5_512.txt
-- Symlinking: /home/j/colcon_ws/install/orbslam3/share/orbslam3//config/monocular-inertial/TUM_IMU/dataset-magistrale6_512.txt
-- Symlinking: /home/j/colcon_ws/install/orbslam3/share/orbslam3//config/monocular-inertial/TUM_IMU/dataset-outdoors1_512.txt
-- Symlinking: /home/j/colcon_ws/install/orbslam3/share/orbslam3//config/monocular-inertial/TUM_IMU/dataset-outdoors2_512.txt
-- Symlinking: /home/j/colcon_ws/install/orbslam3/share/orbslam3//config/monocular-inertial/TUM_IMU/dataset-outdoors3_512.txt
-- Symlinking: /home/j/colcon_ws/install/orbslam3/share/orbslam3//config/monocular-inertial/TUM_IMU/dataset-outdoors4_512.txt
-- Symlinking: /home/j/colcon_ws/install/orbslam3/share/orbslam3//config/monocular-inertial/TUM_IMU/dataset-outdoors5_512.txt
-- Symlinking: /home/j/colcon_ws/install/orbslam3/share/orbslam3//config/monocular-inertial/TUM_IMU/dataset-outdoors6_512.txt
-- Symlinking: /home/j/colcon_ws/install/orbslam3/share/orbslam3//config/monocular-inertial/TUM_IMU/dataset-outdoors7_512.txt
-- Symlinking: /home/j/colcon_ws/install/orbslam3/share/orbslam3//config/monocular-inertial/TUM_IMU/dataset-outdoors8_512.txt
-- Symlinking: /home/j/colcon_ws/install/orbslam3/share/orbslam3//config/monocular-inertial/TUM_IMU/dataset-room1_512.txt
-- Symlinking: /home/j/colcon_ws/install/orbslam3/share/orbslam3//config/monocular-inertial/TUM_IMU/dataset-room2_512.txt
-- Symlinking: /home/j/colcon_ws/install/orbslam3/share/orbslam3//config/monocular-inertial/TUM_IMU/dataset-room3_512.txt
-- Symlinking: /home/j/colcon_ws/install/orbslam3/share/orbslam3//config/monocular-inertial/TUM_IMU/dataset-room4_512.txt
-- Symlinking: /home/j/colcon_ws/install/orbslam3/share/orbslam3//config/monocular-inertial/TUM_IMU/dataset-room5_512.txt
-- Symlinking: /home/j/colcon_ws/install/orbslam3/share/orbslam3//config/monocular-inertial/TUM_IMU/dataset-room6_512.txt
-- Symlinking: /home/j/colcon_ws/install/orbslam3/share/orbslam3//config/monocular-inertial/TUM_IMU/dataset-slides1_512.txt
-- Symlinking: /home/j/colcon_ws/install/orbslam3/share/orbslam3//config/monocular-inertial/TUM_IMU/dataset-slides2_512.txt
-- Symlinking: /home/j/colcon_ws/install/orbslam3/share/orbslam3//config/monocular-inertial/TUM_IMU/dataset-slides3_512.txt
-- Symlinking: /home/j/colcon_ws/install/orbslam3/share/orbslam3//config/monocular-inertial/TUM_TimeStamps/dataset-corridor1_512.txt
-- Symlinking: /home/j/colcon_ws/install/orbslam3/share/orbslam3//config/monocular-inertial/TUM_TimeStamps/dataset-corridor2_1024.txt
-- Symlinking: /home/j/colcon_ws/install/orbslam3/share/orbslam3//config/monocular-inertial/TUM_TimeStamps/dataset-corridor2_512.txt
-- Symlinking: /home/j/colcon_ws/install/orbslam3/share/orbslam3//config/monocular-inertial/TUM_TimeStamps/dataset-corridor3_512.txt
-- Symlinking: /home/j/colcon_ws/install/orbslam3/share/orbslam3//config/monocular-inertial/TUM_TimeStamps/dataset-corridor4_512.txt
-- Symlinking: /home/j/colcon_ws/install/orbslam3/share/orbslam3//config/monocular-inertial/TUM_TimeStamps/dataset-corridor5_512.txt
-- Symlinking: /home/j/colcon_ws/install/orbslam3/share/orbslam3//config/monocular-inertial/TUM_TimeStamps/dataset-magistrale1_512.txt
-- Symlinking: /home/j/colcon_ws/install/orbslam3/share/orbslam3//config/monocular-inertial/TUM_TimeStamps/dataset-magistrale2_512.txt
-- Symlinking: /home/j/colcon_ws/install/orbslam3/share/orbslam3//config/monocular-inertial/TUM_TimeStamps/dataset-magistrale3_512.txt
-- Symlinking: /home/j/colcon_ws/install/orbslam3/share/orbslam3//config/monocular-inertial/TUM_TimeStamps/dataset-magistrale4_512.txt
-- Symlinking: /home/j/colcon_ws/install/orbslam3/share/orbslam3//config/monocular-inertial/TUM_TimeStamps/dataset-magistrale5_512.txt
-- Symlinking: /home/j/colcon_ws/install/orbslam3/share/orbslam3//config/monocular-inertial/TUM_TimeStamps/dataset-magistrale6_512.txt
-- Symlinking: /home/j/colcon_ws/install/orbslam3/share/orbslam3//config/monocular-inertial/TUM_TimeStamps/dataset-outdoors1_512.txt
-- Symlinking: /home/j/colcon_ws/install/orbslam3/share/orbslam3//config/monocular-inertial/TUM_TimeStamps/dataset-outdoors2_512.txt
-- Symlinking: /home/j/colcon_ws/install/orbslam3/share/orbslam3//config/monocular-inertial/TUM_TimeStamps/dataset-outdoors3_512.txt
-- Symlinking: /home/j/colcon_ws/install/orbslam3/share/orbslam3//config/monocular-inertial/TUM_TimeStamps/dataset-outdoors4_512.txt
-- Symlinking: /home/j/colcon_ws/install/orbslam3/share/orbslam3//config/monocular-inertial/TUM_TimeStamps/dataset-outdoors5_512.txt
-- Symlinking: /home/j/colcon_ws/install/orbslam3/share/orbslam3//config/monocular-inertial/TUM_TimeStamps/dataset-outdoors6_512.txt
-- Symlinking: /home/j/colcon_ws/install/orbslam3/share/orbslam3//config/monocular-inertial/TUM_TimeStamps/dataset-outdoors7_512.txt
-- Symlinking: /home/j/colcon_ws/install/orbslam3/share/orbslam3//config/monocular-inertial/TUM_TimeStamps/dataset-outdoors8_512.txt
-- Symlinking: /home/j/colcon_ws/install/orbslam3/share/orbslam3//config/monocular-inertial/TUM_TimeStamps/dataset-room1_512.txt
-- Symlinking: /home/j/colcon_ws/install/orbslam3/share/orbslam3//config/monocular-inertial/TUM_TimeStamps/dataset-room2_512.txt
-- Symlinking: /home/j/colcon_ws/install/orbslam3/share/orbslam3//config/monocular-inertial/TUM_TimeStamps/dataset-room3_512.txt
-- Symlinking: /home/j/colcon_ws/install/orbslam3/share/orbslam3//config/monocular-inertial/TUM_TimeStamps/dataset-room4_512.txt
-- Symlinking: /home/j/colcon_ws/install/orbslam3/share/orbslam3//config/monocular-inertial/TUM_TimeStamps/dataset-room5_512.txt
-- Symlinking: /home/j/colcon_ws/install/orbslam3/share/orbslam3//config/monocular-inertial/TUM_TimeStamps/dataset-room6_512.txt
-- Symlinking: /home/j/colcon_ws/install/orbslam3/share/orbslam3//config/monocular-inertial/TUM_TimeStamps/dataset-slides1_512.txt
-- Symlinking: /home/j/colcon_ws/install/orbslam3/share/orbslam3//config/monocular-inertial/TUM_TimeStamps/dataset-slides2_512.txt
-- Symlinking: /home/j/colcon_ws/install/orbslam3/share/orbslam3//config/monocular-inertial/TUM_TimeStamps/dataset-slides3_512.txt
-- Symlinking: /home/j/colcon_ws/install/orbslam3/share/orbslam3//config/monocular/EuRoC.yaml
-- Symlinking: /home/j/colcon_ws/install/orbslam3/share/orbslam3//config/monocular/EuRoC_TimeStamps/MH01.txt
-- Symlinking: /home/j/colcon_ws/install/orbslam3/share/orbslam3//config/monocular/EuRoC_TimeStamps/MH02.txt
-- Symlinking: /home/j/colcon_ws/install/orbslam3/share/orbslam3//config/monocular/EuRoC_TimeStamps/MH03.txt
-- Symlinking: /home/j/colcon_ws/install/orbslam3/share/orbslam3//config/monocular/EuRoC_TimeStamps/MH04.txt
-- Symlinking: /home/j/colcon_ws/install/orbslam3/share/orbslam3//config/monocular/EuRoC_TimeStamps/MH05.txt
-- Symlinking: /home/j/colcon_ws/install/orbslam3/share/orbslam3//config/monocular/EuRoC_TimeStamps/V101.txt
-- Symlinking: /home/j/colcon_ws/install/orbslam3/share/orbslam3//config/monocular/EuRoC_TimeStamps/V102.txt
-- Symlinking: /home/j/colcon_ws/install/orbslam3/share/orbslam3//config/monocular/EuRoC_TimeStamps/V103.txt
-- Symlinking: /home/j/colcon_ws/install/orbslam3/share/orbslam3//config/monocular/EuRoC_TimeStamps/V201.txt
-- Symlinking: /home/j/colcon_ws/install/orbslam3/share/orbslam3//config/monocular/EuRoC_TimeStamps/V202.txt
-- Symlinking: /home/j/colcon_ws/install/orbslam3/share/orbslam3//config/monocular/EuRoC_TimeStamps/V203.txt
-- Symlinking: /home/j/colcon_ws/install/orbslam3/share/orbslam3//config/monocular/KITTI00-02.yaml
-- Symlinking: /home/j/colcon_ws/install/orbslam3/share/orbslam3//config/monocular/KITTI03.yaml
-- Symlinking: /home/j/colcon_ws/install/orbslam3/share/orbslam3//config/monocular/KITTI04-12.yaml
-- Symlinking: /home/j/colcon_ws/install/orbslam3/share/orbslam3//config/monocular/MultiSession/EuRoC_MH01.yaml
-- Symlinking: /home/j/colcon_ws/install/orbslam3/share/orbslam3//config/monocular/MultiSession/EuRoC_MH02.yaml
-- Symlinking: /home/j/colcon_ws/install/orbslam3/share/orbslam3//config/monocular/MultiSession/EuRoC_MH03.yaml
-- Symlinking: /home/j/colcon_ws/install/orbslam3/share/orbslam3//config/monocular/MultiSession/EuRoC_MH04.yaml
-- Symlinking: /home/j/colcon_ws/install/orbslam3/share/orbslam3//config/monocular/MultiSession/EuRoC_MH05.yaml
-- Symlinking: /home/j/colcon_ws/install/orbslam3/share/orbslam3//config/monocular/MultiSession/EuRoC_V101.yaml
-- Symlinking: /home/j/colcon_ws/install/orbslam3/share/orbslam3//config/monocular/MultiSession/EuRoC_V102.yaml
-- Symlinking: /home/j/colcon_ws/install/orbslam3/share/orbslam3//config/monocular/MultiSession/EuRoC_V103.yaml
-- Symlinking: /home/j/colcon_ws/install/orbslam3/share/orbslam3//config/monocular/MultiSession/EuRoC_V201.yaml
-- Symlinking: /home/j/colcon_ws/install/orbslam3/share/orbslam3//config/monocular/MultiSession/EuRoC_V202.yaml
-- Symlinking: /home/j/colcon_ws/install/orbslam3/share/orbslam3//config/monocular/MultiSession/EuRoC_V203.yaml
-- Symlinking: /home/j/colcon_ws/install/orbslam3/share/orbslam3//config/monocular/RealSense_D435i.yaml
-- Symlinking: /home/j/colcon_ws/install/orbslam3/share/orbslam3//config/monocular/RealSense_D455.yaml
-- Symlinking: /home/j/colcon_ws/install/orbslam3/share/orbslam3//config/monocular/RealSense_D455_424x240_5fps.yaml
-- Symlinking: /home/j/colcon_ws/install/orbslam3/share/orbslam3//config/monocular/RealSense_T265.yaml
-- Symlinking: /home/j/colcon_ws/install/orbslam3/share/orbslam3//config/monocular/TUM-VI.yaml
-- Symlinking: /home/j/colcon_ws/install/orbslam3/share/orbslam3//config/monocular/TUM1.yaml
-- Symlinking: /home/j/colcon_ws/install/orbslam3/share/orbslam3//config/monocular/TUM2.yaml
-- Symlinking: /home/j/colcon_ws/install/orbslam3/share/orbslam3//config/monocular/TUM3.yaml
-- Symlinking: /home/j/colcon_ws/install/orbslam3/share/orbslam3//config/monocular/TUM_TimeStamps/dataset-corridor1_512.txt
-- Symlinking: /home/j/colcon_ws/install/orbslam3/share/orbslam3//config/monocular/TUM_TimeStamps/dataset-corridor2_1024.txt
-- Symlinking: /home/j/colcon_ws/install/orbslam3/share/orbslam3//config/monocular/TUM_TimeStamps/dataset-corridor2_512.txt
-- Symlinking: /home/j/colcon_ws/install/orbslam3/share/orbslam3//config/monocular/TUM_TimeStamps/dataset-corridor3_512.txt
-- Symlinking: /home/j/colcon_ws/install/orbslam3/share/orbslam3//config/monocular/TUM_TimeStamps/dataset-corridor4_512.txt
-- Symlinking: /home/j/colcon_ws/install/orbslam3/share/orbslam3//config/monocular/TUM_TimeStamps/dataset-corridor5_512.txt
-- Symlinking: /home/j/colcon_ws/install/orbslam3/share/orbslam3//config/monocular/TUM_TimeStamps/dataset-magistrale1_512.txt
-- Symlinking: /home/j/colcon_ws/install/orbslam3/share/orbslam3//config/monocular/TUM_TimeStamps/dataset-magistrale2_512.txt
-- Symlinking: /home/j/colcon_ws/install/orbslam3/share/orbslam3//config/monocular/TUM_TimeStamps/dataset-magistrale3_512.txt
-- Symlinking: /home/j/colcon_ws/install/orbslam3/share/orbslam3//config/monocular/TUM_TimeStamps/dataset-magistrale4_512.txt
-- Symlinking: /home/j/colcon_ws/install/orbslam3/share/orbslam3//config/monocular/TUM_TimeStamps/dataset-magistrale5_512.txt
-- Symlinking: /home/j/colcon_ws/install/orbslam3/share/orbslam3//config/monocular/TUM_TimeStamps/dataset-magistrale6_512.txt
-- Symlinking: /home/j/colcon_ws/install/orbslam3/share/orbslam3//config/monocular/TUM_TimeStamps/dataset-outdoors1_512.txt
-- Symlinking: /home/j/colcon_ws/install/orbslam3/share/orbslam3//config/monocular/TUM_TimeStamps/dataset-outdoors2_512.txt
-- Symlinking: /home/j/colcon_ws/install/orbslam3/share/orbslam3//config/monocular/TUM_TimeStamps/dataset-outdoors3_512.txt
-- Symlinking: /home/j/colcon_ws/install/orbslam3/share/orbslam3//config/monocular/TUM_TimeStamps/dataset-outdoors4_512.txt
-- Symlinking: /home/j/colcon_ws/install/orbslam3/share/orbslam3//config/monocular/TUM_TimeStamps/dataset-outdoors5_512.txt
-- Symlinking: /home/j/colcon_ws/install/orbslam3/share/orbslam3//config/monocular/TUM_TimeStamps/dataset-outdoors6_512.txt
-- Symlinking: /home/j/colcon_ws/install/orbslam3/share/orbslam3//config/monocular/TUM_TimeStamps/dataset-outdoors7_512.txt
-- Symlinking: /home/j/colcon_ws/install/orbslam3/share/orbslam3//config/monocular/TUM_TimeStamps/dataset-outdoors8_512.txt
-- Symlinking: /home/j/colcon_ws/install/orbslam3/share/orbslam3//config/monocular/TUM_TimeStamps/dataset-room1_512.txt
-- Symlinking: /home/j/colcon_ws/install/orbslam3/share/orbslam3//config/monocular/TUM_TimeStamps/dataset-room2_512.txt
-- Symlinking: /home/j/colcon_ws/install/orbslam3/share/orbslam3//config/monocular/TUM_TimeStamps/dataset-room3_512.txt
-- Symlinking: /home/j/colcon_ws/install/orbslam3/share/orbslam3//config/monocular/TUM_TimeStamps/dataset-room4_512.txt
-- Symlinking: /home/j/colcon_ws/install/orbslam3/share/orbslam3//config/monocular/TUM_TimeStamps/dataset-room5_512.txt
-- Symlinking: /home/j/colcon_ws/install/orbslam3/share/orbslam3//config/monocular/TUM_TimeStamps/dataset-room6_512.txt
-- Symlinking: /home/j/colcon_ws/install/orbslam3/share/orbslam3//config/monocular/TUM_TimeStamps/dataset-slides1_512.txt
-- Symlinking: /home/j/colcon_ws/install/orbslam3/share/orbslam3//config/monocular/TUM_TimeStamps/dataset-slides2_512.txt
-- Symlinking: /home/j/colcon_ws/install/orbslam3/share/orbslam3//config/monocular/TUM_TimeStamps/dataset-slides3_512.txt
-- Symlinking: /home/j/colcon_ws/install/orbslam3/share/orbslam3//config/rgb-d-inertial/RealSense_D435i.yaml
-- Symlinking: /home/j/colcon_ws/install/orbslam3/share/orbslam3//config/rgb-d-inertial/RealSense_D455.yaml
-- Symlinking: /home/j/colcon_ws/install/orbslam3/share/orbslam3//config/rgb-d/RealSense_D435i.yaml
-- Symlinking: /home/j/colcon_ws/install/orbslam3/share/orbslam3//config/rgb-d/RealSense_D455.yaml
-- Symlinking: /home/j/colcon_ws/install/orbslam3/share/orbslam3//config/rgb-d/TUM1.yaml
-- Symlinking: /home/j/colcon_ws/install/orbslam3/share/orbslam3//config/rgb-d/TUM2.yaml
-- Symlinking: /home/j/colcon_ws/install/orbslam3/share/orbslam3//config/rgb-d/TUM3.yaml
-- Symlinking: /home/j/colcon_ws/install/orbslam3/share/orbslam3//config/rgb-d/associations/fr1_desk.txt
-- Symlinking: /home/j/colcon_ws/install/orbslam3/share/orbslam3//config/rgb-d/associations/fr1_desk2.txt
-- Symlinking: /home/j/colcon_ws/install/orbslam3/share/orbslam3//config/rgb-d/associations/fr1_room.txt
-- Symlinking: /home/j/colcon_ws/install/orbslam3/share/orbslam3//config/rgb-d/associations/fr1_xyz.txt
-- Symlinking: /home/j/colcon_ws/install/orbslam3/share/orbslam3//config/rgb-d/associations/fr2_desk.txt
-- Symlinking: /home/j/colcon_ws/install/orbslam3/share/orbslam3//config/rgb-d/associations/fr2_xyz.txt
-- Symlinking: /home/j/colcon_ws/install/orbslam3/share/orbslam3//config/rgb-d/associations/fr3_nstr_tex_near.txt
-- Symlinking: /home/j/colcon_ws/install/orbslam3/share/orbslam3//config/rgb-d/associations/fr3_office.txt
-- Symlinking: /home/j/colcon_ws/install/orbslam3/share/orbslam3//config/rgb-d/associations/fr3_office_val.txt
-- Symlinking: /home/j/colcon_ws/install/orbslam3/share/orbslam3//config/rgb-d/associations/fr3_str_tex_far.txt
-- Symlinking: /home/j/colcon_ws/install/orbslam3/share/orbslam3//config/rgb-d/associations/fr3_str_tex_near.txt
-- Symlinking: /home/j/colcon_ws/install/orbslam3/share/orbslam3//config/stereo-inertial/EuRoC.yaml
-- Symlinking: /home/j/colcon_ws/install/orbslam3/share/orbslam3//config/stereo-inertial/EuRoC_IMU/MH01.txt
-- Symlinking: /home/j/colcon_ws/install/orbslam3/share/orbslam3//config/stereo-inertial/EuRoC_IMU/MH02.txt
-- Symlinking: /home/j/colcon_ws/install/orbslam3/share/orbslam3//config/stereo-inertial/EuRoC_IMU/MH03.txt
-- Symlinking: /home/j/colcon_ws/install/orbslam3/share/orbslam3//config/stereo-inertial/EuRoC_IMU/MH04.txt
-- Symlinking: /home/j/colcon_ws/install/orbslam3/share/orbslam3//config/stereo-inertial/EuRoC_IMU/MH05.txt
-- Symlinking: /home/j/colcon_ws/install/orbslam3/share/orbslam3//config/stereo-inertial/EuRoC_IMU/V101.txt
-- Symlinking: /home/j/colcon_ws/install/orbslam3/share/orbslam3//config/stereo-inertial/EuRoC_IMU/V102.txt
-- Symlinking: /home/j/colcon_ws/install/orbslam3/share/orbslam3//config/stereo-inertial/EuRoC_IMU/V103.txt
-- Symlinking: /home/j/colcon_ws/install/orbslam3/share/orbslam3//config/stereo-inertial/EuRoC_IMU/V201.txt
-- Symlinking: /home/j/colcon_ws/install/orbslam3/share/orbslam3//config/stereo-inertial/EuRoC_IMU/V202.txt
-- Symlinking: /home/j/colcon_ws/install/orbslam3/share/orbslam3//config/stereo-inertial/EuRoC_IMU/V203.txt
-- Symlinking: /home/j/colcon_ws/install/orbslam3/share/orbslam3//config/stereo-inertial/EuRoC_TimeStamps/MH01.txt
-- Symlinking: /home/j/colcon_ws/install/orbslam3/share/orbslam3//config/stereo-inertial/EuRoC_TimeStamps/MH02.txt
-- Symlinking: /home/j/colcon_ws/install/orbslam3/share/orbslam3//config/stereo-inertial/EuRoC_TimeStamps/MH03.txt
-- Symlinking: /home/j/colcon_ws/install/orbslam3/share/orbslam3//config/stereo-inertial/EuRoC_TimeStamps/MH04.txt
-- Symlinking: /home/j/colcon_ws/install/orbslam3/share/orbslam3//config/stereo-inertial/EuRoC_TimeStamps/MH05.txt
-- Symlinking: /home/j/colcon_ws/install/orbslam3/share/orbslam3//config/stereo-inertial/EuRoC_TimeStamps/V101.txt
-- Symlinking: /home/j/colcon_ws/install/orbslam3/share/orbslam3//config/stereo-inertial/EuRoC_TimeStamps/V102.txt
-- Symlinking: /home/j/colcon_ws/install/orbslam3/share/orbslam3//config/stereo-inertial/EuRoC_TimeStamps/V103.txt
-- Symlinking: /home/j/colcon_ws/install/orbslam3/share/orbslam3//config/stereo-inertial/EuRoC_TimeStamps/V201.txt
-- Symlinking: /home/j/colcon_ws/install/orbslam3/share/orbslam3//config/stereo-inertial/EuRoC_TimeStamps/V202.txt
-- Symlinking: /home/j/colcon_ws/install/orbslam3/share/orbslam3//config/stereo-inertial/EuRoC_TimeStamps/V203.txt
-- Symlinking: /home/j/colcon_ws/install/orbslam3/share/orbslam3//config/stereo-inertial/EuRoC_TimeStamps/V203_2.txt
-- Symlinking: /home/j/colcon_ws/install/orbslam3/share/orbslam3//config/stereo-inertial/MultiSession/EuRoC_MH01.yaml
-- Symlinking: /home/j/colcon_ws/install/orbslam3/share/orbslam3//config/stereo-inertial/MultiSession/EuRoC_MH02.yaml
-- Symlinking: /home/j/colcon_ws/install/orbslam3/share/orbslam3//config/stereo-inertial/MultiSession/EuRoC_MH03.yaml
-- Symlinking: /home/j/colcon_ws/install/orbslam3/share/orbslam3//config/stereo-inertial/MultiSession/EuRoC_MH04.yaml
-- Symlinking: /home/j/colcon_ws/install/orbslam3/share/orbslam3//config/stereo-inertial/MultiSession/EuRoC_MH05.yaml
-- Symlinking: /home/j/colcon_ws/install/orbslam3/share/orbslam3//config/stereo-inertial/MultiSession/EuRoC_V101.yaml
-- Symlinking: /home/j/colcon_ws/install/orbslam3/share/orbslam3//config/stereo-inertial/MultiSession/EuRoC_V102.yaml
-- Symlinking: /home/j/colcon_ws/install/orbslam3/share/orbslam3//config/stereo-inertial/MultiSession/EuRoC_V103.yaml
-- Symlinking: /home/j/colcon_ws/install/orbslam3/share/orbslam3//config/stereo-inertial/MultiSession/EuRoC_V201.yaml
-- Symlinking: /home/j/colcon_ws/install/orbslam3/share/orbslam3//config/stereo-inertial/MultiSession/EuRoC_V202.yaml
-- Symlinking: /home/j/colcon_ws/install/orbslam3/share/orbslam3//config/stereo-inertial/MultiSession/EuRoC_V203.yaml
-- Symlinking: /home/j/colcon_ws/install/orbslam3/share/orbslam3//config/stereo-inertial/RealSense_D435i.yaml
-- Symlinking: /home/j/colcon_ws/install/orbslam3/share/orbslam3//config/stereo-inertial/RealSense_D455.yaml
-- Symlinking: /home/j/colcon_ws/install/orbslam3/share/orbslam3//config/stereo-inertial/RealSense_T265.yaml
-- Symlinking: /home/j/colcon_ws/install/orbslam3/share/orbslam3//config/stereo-inertial/TUM-VI.yaml
-- Symlinking: /home/j/colcon_ws/install/orbslam3/share/orbslam3//config/stereo-inertial/TUM-VI_far.yaml
-- Symlinking: /home/j/colcon_ws/install/orbslam3/share/orbslam3//config/stereo-inertial/TUM_IMU/dataset-corridor1_512.txt
-- Symlinking: /home/j/colcon_ws/install/orbslam3/share/orbslam3//config/stereo-inertial/TUM_IMU/dataset-corridor2_1024.txt
-- Symlinking: /home/j/colcon_ws/install/orbslam3/share/orbslam3//config/stereo-inertial/TUM_IMU/dataset-corridor2_512.txt
-- Symlinking: /home/j/colcon_ws/install/orbslam3/share/orbslam3//config/stereo-inertial/TUM_IMU/dataset-corridor3_512.txt
-- Symlinking: /home/j/colcon_ws/install/orbslam3/share/orbslam3//config/stereo-inertial/TUM_IMU/dataset-corridor4_512.txt
-- Symlinking: /home/j/colcon_ws/install/orbslam3/share/orbslam3//config/stereo-inertial/TUM_IMU/dataset-corridor5_512.txt
-- Symlinking: /home/j/colcon_ws/install/orbslam3/share/orbslam3//config/stereo-inertial/TUM_IMU/dataset-magistrale1_512.txt
-- Symlinking: /home/j/colcon_ws/install/orbslam3/share/orbslam3//config/stereo-inertial/TUM_IMU/dataset-magistrale2_512.txt
-- Symlinking: /home/j/colcon_ws/install/orbslam3/share/orbslam3//config/stereo-inertial/TUM_IMU/dataset-magistrale3_512.txt
-- Symlinking: /home/j/colcon_ws/install/orbslam3/share/orbslam3//config/stereo-inertial/TUM_IMU/dataset-magistrale4_512.txt
-- Symlinking: /home/j/colcon_ws/install/orbslam3/share/orbslam3//config/stereo-inertial/TUM_IMU/dataset-magistrale5_512.txt
-- Symlinking: /home/j/colcon_ws/install/orbslam3/share/orbslam3//config/stereo-inertial/TUM_IMU/dataset-magistrale6_512.txt
-- Symlinking: /home/j/colcon_ws/install/orbslam3/share/orbslam3//config/stereo-inertial/TUM_IMU/dataset-outdoors1_512.txt
-- Symlinking: /home/j/colcon_ws/install/orbslam3/share/orbslam3//config/stereo-inertial/TUM_IMU/dataset-outdoors2_512.txt
-- Symlinking: /home/j/colcon_ws/install/orbslam3/share/orbslam3//config/stereo-inertial/TUM_IMU/dataset-outdoors3_512.txt
-- Symlinking: /home/j/colcon_ws/install/orbslam3/share/orbslam3//config/stereo-inertial/TUM_IMU/dataset-outdoors4_512.txt
-- Symlinking: /home/j/colcon_ws/install/orbslam3/share/orbslam3//config/stereo-inertial/TUM_IMU/dataset-outdoors5_512.txt
-- Symlinking: /home/j/colcon_ws/install/orbslam3/share/orbslam3//config/stereo-inertial/TUM_IMU/dataset-outdoors6_512.txt
-- Symlinking: /home/j/colcon_ws/install/orbslam3/share/orbslam3//config/stereo-inertial/TUM_IMU/dataset-outdoors7_512.txt
-- Symlinking: /home/j/colcon_ws/install/orbslam3/share/orbslam3//config/stereo-inertial/TUM_IMU/dataset-outdoors8_512.txt
-- Symlinking: /home/j/colcon_ws/install/orbslam3/share/orbslam3//config/stereo-inertial/TUM_IMU/dataset-room1_512.txt
-- Symlinking: /home/j/colcon_ws/install/orbslam3/share/orbslam3//config/stereo-inertial/TUM_IMU/dataset-room2_512.txt
-- Symlinking: /home/j/colcon_ws/install/orbslam3/share/orbslam3//config/stereo-inertial/TUM_IMU/dataset-room3_512.txt
-- Symlinking: /home/j/colcon_ws/install/orbslam3/share/orbslam3//config/stereo-inertial/TUM_IMU/dataset-room4_512.txt
-- Symlinking: /home/j/colcon_ws/install/orbslam3/share/orbslam3//config/stereo-inertial/TUM_IMU/dataset-room5_512.txt
-- Symlinking: /home/j/colcon_ws/install/orbslam3/share/orbslam3//config/stereo-inertial/TUM_IMU/dataset-room6_512.txt
-- Symlinking: /home/j/colcon_ws/install/orbslam3/share/orbslam3//config/stereo-inertial/TUM_IMU/dataset-slides1_512.txt
-- Symlinking: /home/j/colcon_ws/install/orbslam3/share/orbslam3//config/stereo-inertial/TUM_IMU/dataset-slides2_512.txt
-- Symlinking: /home/j/colcon_ws/install/orbslam3/share/orbslam3//config/stereo-inertial/TUM_IMU/dataset-slides3_512.txt
-- Symlinking: /home/j/colcon_ws/install/orbslam3/share/orbslam3//config/stereo-inertial/TUM_TimeStamps/dataset-corridor1_512.txt
-- Symlinking: /home/j/colcon_ws/install/orbslam3/share/orbslam3//config/stereo-inertial/TUM_TimeStamps/dataset-corridor2_1024.txt
-- Symlinking: /home/j/colcon_ws/install/orbslam3/share/orbslam3//config/stereo-inertial/TUM_TimeStamps/dataset-corridor2_512.txt
-- Symlinking: /home/j/colcon_ws/install/orbslam3/share/orbslam3//config/stereo-inertial/TUM_TimeStamps/dataset-corridor3_512.txt
-- Symlinking: /home/j/colcon_ws/install/orbslam3/share/orbslam3//config/stereo-inertial/TUM_TimeStamps/dataset-corridor4_512.txt
-- Symlinking: /home/j/colcon_ws/install/orbslam3/share/orbslam3//config/stereo-inertial/TUM_TimeStamps/dataset-corridor5_512.txt
-- Symlinking: /home/j/colcon_ws/install/orbslam3/share/orbslam3//config/stereo-inertial/TUM_TimeStamps/dataset-magistrale1_512.txt
-- Symlinking: /home/j/colcon_ws/install/orbslam3/share/orbslam3//config/stereo-inertial/TUM_TimeStamps/dataset-magistrale2_512.txt
-- Symlinking: /home/j/colcon_ws/install/orbslam3/share/orbslam3//config/stereo-inertial/TUM_TimeStamps/dataset-magistrale3_512.txt
-- Symlinking: /home/j/colcon_ws/install/orbslam3/share/orbslam3//config/stereo-inertial/TUM_TimeStamps/dataset-magistrale4_512.txt
-- Symlinking: /home/j/colcon_ws/install/orbslam3/share/orbslam3//config/stereo-inertial/TUM_TimeStamps/dataset-magistrale5_512.txt
-- Symlinking: /home/j/colcon_ws/install/orbslam3/share/orbslam3//config/stereo-inertial/TUM_TimeStamps/dataset-magistrale6_512.txt
-- Symlinking: /home/j/colcon_ws/install/orbslam3/share/orbslam3//config/stereo-inertial/TUM_TimeStamps/dataset-outdoors1_512.txt
-- Symlinking: /home/j/colcon_ws/install/orbslam3/share/orbslam3//config/stereo-inertial/TUM_TimeStamps/dataset-outdoors2_512.txt
-- Symlinking: /home/j/colcon_ws/install/orbslam3/share/orbslam3//config/stereo-inertial/TUM_TimeStamps/dataset-outdoors3_512.txt
-- Symlinking: /home/j/colcon_ws/install/orbslam3/share/orbslam3//config/stereo-inertial/TUM_TimeStamps/dataset-outdoors4_512.txt
-- Symlinking: /home/j/colcon_ws/install/orbslam3/share/orbslam3//config/stereo-inertial/TUM_TimeStamps/dataset-outdoors5_512.txt
-- Symlinking: /home/j/colcon_ws/install/orbslam3/share/orbslam3//config/stereo-inertial/TUM_TimeStamps/dataset-outdoors6_512.txt
-- Symlinking: /home/j/colcon_ws/install/orbslam3/share/orbslam3//config/stereo-inertial/TUM_TimeStamps/dataset-outdoors7_512.txt
-- Symlinking: /home/j/colcon_ws/install/orbslam3/share/orbslam3//config/stereo-inertial/TUM_TimeStamps/dataset-outdoors8_512.txt
-- Symlinking: /home/j/colcon_ws/install/orbslam3/share/orbslam3//config/stereo-inertial/TUM_TimeStamps/dataset-room1_512.txt
-- Symlinking: /home/j/colcon_ws/install/orbslam3/share/orbslam3//config/stereo-inertial/TUM_TimeStamps/dataset-room2_512.txt
-- Symlinking: /home/j/colcon_ws/install/orbslam3/share/orbslam3//config/stereo-inertial/TUM_TimeStamps/dataset-room3_512.txt
-- Symlinking: /home/j/colcon_ws/install/orbslam3/share/orbslam3//config/stereo-inertial/TUM_TimeStamps/dataset-room4_512.txt
-- Symlinking: /home/j/colcon_ws/install/orbslam3/share/orbslam3//config/stereo-inertial/TUM_TimeStamps/dataset-room5_512.txt
-- Symlinking: /home/j/colcon_ws/install/orbslam3/share/orbslam3//config/stereo-inertial/TUM_TimeStamps/dataset-room6_512.txt
-- Symlinking: /home/j/colcon_ws/install/orbslam3/share/orbslam3//config/stereo-inertial/TUM_TimeStamps/dataset-slides1_512.txt
-- Symlinking: /home/j/colcon_ws/install/orbslam3/share/orbslam3//config/stereo-inertial/TUM_TimeStamps/dataset-slides2_512.txt
-- Symlinking: /home/j/colcon_ws/install/orbslam3/share/orbslam3//config/stereo-inertial/TUM_TimeStamps/dataset-slides3_512.txt
-- Symlinking: /home/j/colcon_ws/install/orbslam3/share/orbslam3//config/stereo/EuRoC.yaml
-- Symlinking: /home/j/colcon_ws/install/orbslam3/share/orbslam3//config/stereo/EuRoC_TimeStamps/MH01.txt
-- Symlinking: /home/j/colcon_ws/install/orbslam3/share/orbslam3//config/stereo/EuRoC_TimeStamps/MH02.txt
-- Symlinking: /home/j/colcon_ws/install/orbslam3/share/orbslam3//config/stereo/EuRoC_TimeStamps/MH03.txt
-- Symlinking: /home/j/colcon_ws/install/orbslam3/share/orbslam3//config/stereo/EuRoC_TimeStamps/MH04.txt
-- Symlinking: /home/j/colcon_ws/install/orbslam3/share/orbslam3//config/stereo/EuRoC_TimeStamps/MH05.txt
-- Symlinking: /home/j/colcon_ws/install/orbslam3/share/orbslam3//config/stereo/EuRoC_TimeStamps/V101.txt
-- Symlinking: /home/j/colcon_ws/install/orbslam3/share/orbslam3//config/stereo/EuRoC_TimeStamps/V102.txt
-- Symlinking: /home/j/colcon_ws/install/orbslam3/share/orbslam3//config/stereo/EuRoC_TimeStamps/V103.txt
-- Symlinking: /home/j/colcon_ws/install/orbslam3/share/orbslam3//config/stereo/EuRoC_TimeStamps/V201.txt
-- Symlinking: /home/j/colcon_ws/install/orbslam3/share/orbslam3//config/stereo/EuRoC_TimeStamps/V202.txt
-- Symlinking: /home/j/colcon_ws/install/orbslam3/share/orbslam3//config/stereo/EuRoC_TimeStamps/V203.txt
-- Symlinking: /home/j/colcon_ws/install/orbslam3/share/orbslam3//config/stereo/KITTI00-02.yaml
-- Symlinking: /home/j/colcon_ws/install/orbslam3/share/orbslam3//config/stereo/KITTI03.yaml
-- Symlinking: /home/j/colcon_ws/install/orbslam3/share/orbslam3//config/stereo/KITTI04-12.yaml
-- Symlinking: /home/j/colcon_ws/install/orbslam3/share/orbslam3//config/stereo/MultiSession/EuRoC_MH01.yaml
-- Symlinking: /home/j/colcon_ws/install/orbslam3/share/orbslam3//config/stereo/MultiSession/EuRoC_MH02.yaml
-- Symlinking: /home/j/colcon_ws/install/orbslam3/share/orbslam3//config/stereo/MultiSession/EuRoC_MH03.yaml
-- Symlinking: /home/j/colcon_ws/install/orbslam3/share/orbslam3//config/stereo/MultiSession/EuRoC_MH04.yaml
-- Symlinking: /home/j/colcon_ws/install/orbslam3/share/orbslam3//config/stereo/MultiSession/EuRoC_MH05.yaml
-- Symlinking: /home/j/colcon_ws/install/orbslam3/share/orbslam3//config/stereo/MultiSession/EuRoC_V101.yaml
-- Symlinking: /home/j/colcon_ws/install/orbslam3/share/orbslam3//config/stereo/MultiSession/EuRoC_V102.yaml
-- Symlinking: /home/j/colcon_ws/install/orbslam3/share/orbslam3//config/stereo/MultiSession/EuRoC_V103.yaml
-- Symlinking: /home/j/colcon_ws/install/orbslam3/share/orbslam3//config/stereo/MultiSession/EuRoC_V201.yaml
-- Symlinking: /home/j/colcon_ws/install/orbslam3/share/orbslam3//config/stereo/MultiSession/EuRoC_V202.yaml
-- Symlinking: /home/j/colcon_ws/install/orbslam3/share/orbslam3//config/stereo/MultiSession/EuRoC_V203.yaml
-- Symlinking: /home/j/colcon_ws/install/orbslam3/share/orbslam3//config/stereo/RealSense_D435i.yaml
-- Symlinking: /home/j/colcon_ws/install/orbslam3/share/orbslam3//config/stereo/RealSense_D455.yaml
-- Symlinking: /home/j/colcon_ws/install/orbslam3/share/orbslam3//config/stereo/RealSense_T265.yaml
-- Symlinking: /home/j/colcon_ws/install/orbslam3/share/orbslam3//config/stereo/TUM-VI.yaml
-- Symlinking: /home/j/colcon_ws/install/orbslam3/share/orbslam3//config/stereo/TUM_TimeStamps/dataset-corridor1_512.txt
-- Symlinking: /home/j/colcon_ws/install/orbslam3/share/orbslam3//config/stereo/TUM_TimeStamps/dataset-corridor2_1024.txt
-- Symlinking: /home/j/colcon_ws/install/orbslam3/share/orbslam3//config/stereo/TUM_TimeStamps/dataset-corridor2_512.txt
-- Symlinking: /home/j/colcon_ws/install/orbslam3/share/orbslam3//config/stereo/TUM_TimeStamps/dataset-corridor3_512.txt
-- Symlinking: /home/j/colcon_ws/install/orbslam3/share/orbslam3//config/stereo/TUM_TimeStamps/dataset-corridor4_512.txt
-- Symlinking: /home/j/colcon_ws/install/orbslam3/share/orbslam3//config/stereo/TUM_TimeStamps/dataset-corridor5_512.txt
-- Symlinking: /home/j/colcon_ws/install/orbslam3/share/orbslam3//config/stereo/TUM_TimeStamps/dataset-magistrale1_512.txt
-- Symlinking: /home/j/colcon_ws/install/orbslam3/share/orbslam3//config/stereo/TUM_TimeStamps/dataset-magistrale2_512.txt
-- Symlinking: /home/j/colcon_ws/install/orbslam3/share/orbslam3//config/stereo/TUM_TimeStamps/dataset-magistrale3_512.txt
-- Symlinking: /home/j/colcon_ws/install/orbslam3/share/orbslam3//config/stereo/TUM_TimeStamps/dataset-magistrale4_512.txt
-- Symlinking: /home/j/colcon_ws/install/orbslam3/share/orbslam3//config/stereo/TUM_TimeStamps/dataset-magistrale5_512.txt
-- Symlinking: /home/j/colcon_ws/install/orbslam3/share/orbslam3//config/stereo/TUM_TimeStamps/dataset-magistrale6_512.txt
-- Symlinking: /home/j/colcon_ws/install/orbslam3/share/orbslam3//config/stereo/TUM_TimeStamps/dataset-outdoors1_512.txt
-- Symlinking: /home/j/colcon_ws/install/orbslam3/share/orbslam3//config/stereo/TUM_TimeStamps/dataset-outdoors2_512.txt
-- Symlinking: /home/j/colcon_ws/install/orbslam3/share/orbslam3//config/stereo/TUM_TimeStamps/dataset-outdoors3_512.txt
-- Symlinking: /home/j/colcon_ws/install/orbslam3/share/orbslam3//config/stereo/TUM_TimeStamps/dataset-outdoors4_512.txt
-- Symlinking: /home/j/colcon_ws/install/orbslam3/share/orbslam3//config/stereo/TUM_TimeStamps/dataset-outdoors5_512.txt
-- Symlinking: /home/j/colcon_ws/install/orbslam3/share/orbslam3//config/stereo/TUM_TimeStamps/dataset-outdoors6_512.txt
-- Symlinking: /home/j/colcon_ws/install/orbslam3/share/orbslam3//config/stereo/TUM_TimeStamps/dataset-outdoors7_512.txt
-- Symlinking: /home/j/colcon_ws/install/orbslam3/share/orbslam3//config/stereo/TUM_TimeStamps/dataset-outdoors8_512.txt
-- Symlinking: /home/j/colcon_ws/install/orbslam3/share/orbslam3//config/stereo/TUM_TimeStamps/dataset-room1_512.txt
-- Symlinking: /home/j/colcon_ws/install/orbslam3/share/orbslam3//config/stereo/TUM_TimeStamps/dataset-room2_512.txt
-- Symlinking: /home/j/colcon_ws/install/orbslam3/share/orbslam3//config/stereo/TUM_TimeStamps/dataset-room3_512.txt
-- Symlinking: /home/j/colcon_ws/install/orbslam3/share/orbslam3//config/stereo/TUM_TimeStamps/dataset-room4_512.txt
-- Symlinking: /home/j/colcon_ws/install/orbslam3/share/orbslam3//config/stereo/TUM_TimeStamps/dataset-room5_512.txt
-- Symlinking: /home/j/colcon_ws/install/orbslam3/share/orbslam3//config/stereo/TUM_TimeStamps/dataset-room6_512.txt
-- Symlinking: /home/j/colcon_ws/install/orbslam3/share/orbslam3//config/stereo/TUM_TimeStamps/dataset-slides1_512.txt
-- Symlinking: /home/j/colcon_ws/install/orbslam3/share/orbslam3//config/stereo/TUM_TimeStamps/dataset-slides2_512.txt
-- Symlinking: /home/j/colcon_ws/install/orbslam3/share/orbslam3//config/stereo/TUM_TimeStamps/dataset-slides3_512.txt
-- Symlinking: /home/j/colcon_ws/install/orbslam3/share/orbslam3//vocabulary/ORBvoc.txt
-- Symlinking: /home/j/colcon_ws/install/orbslam3/share/orbslam3//vocabulary/ORBvoc.txt.tar.gz
-- Symlinking: /home/j/colcon_ws/install/orbslam3/share/orbslam3/README.md
-- Up-to-date symlink: /home/j/colcon_ws/install/orbslam3/share/ament_index/resource_index/package_run_dependencies/orbslam3
-- Up-to-date symlink: /home/j/colcon_ws/install/orbslam3/share/ament_index/resource_index/parent_prefix_path/orbslam3
-- Up-to-date symlink: /home/j/colcon_ws/install/orbslam3/share/orbslam3/environment/ament_prefix_path.sh
-- Up-to-date symlink: /home/j/colcon_ws/install/orbslam3/share/orbslam3/environment/ament_prefix_path.dsv
-- Up-to-date symlink: /home/j/colcon_ws/install/orbslam3/share/orbslam3/environment/path.sh
-- Up-to-date symlink: /home/j/colcon_ws/install/orbslam3/share/orbslam3/environment/path.dsv
-- Up-to-date symlink: /home/j/colcon_ws/install/orbslam3/share/orbslam3/local_setup.bash
-- Up-to-date symlink: /home/j/colcon_ws/install/orbslam3/share/orbslam3/local_setup.sh
-- Up-to-date symlink: /home/j/colcon_ws/install/orbslam3/share/orbslam3/local_setup.zsh
-- Up-to-date symlink: /home/j/colcon_ws/install/orbslam3/share/orbslam3/local_setup.dsv
-- Symlinking: /home/j/colcon_ws/install/orbslam3/share/orbslam3/package.dsv
-- Up-to-date symlink: /home/j/colcon_ws/install/orbslam3/share/ament_index/resource_index/packages/orbslam3
-- Up-to-date symlink: /home/j/colcon_ws/install/orbslam3/share/orbslam3/cmake/orbslam3Config.cmake
-- Up-to-date symlink: /home/j/colcon_ws/install/orbslam3/share/orbslam3/cmake/orbslam3Config-version.cmake
-- Up-to-date symlink: /home/j/colcon_ws/install/orbslam3/share/orbslam3/package.xml
