[0mCMake Deprecation Warning at CMakeLists.txt:1 (cmake_minimum_required):
  Compatibility with CMake < 2.8.12 will be removed from a future version of
  CMake.

  Update the VERSION argument <min> value or use a ...<max> suffix to tell
  CMake that the project does not need compatibility with older versions.

[0m
-- The C compiler identification is GNU 11.4.0
-- The CXX compiler identification is GNU 11.4.0
-- Detecting C compiler ABI info
-- Detecting C compiler ABI info - done
-- Check for working C compiler: /usr/bin/cc - skipped
-- Detecting C compile features
-- Detecting C compile features - done
-- Detecting CXX compiler ABI info
-- Detecting CXX compiler ABI info - done
-- Check for working CXX compiler: /usr/bin/c++ - skipped
-- Detecting CXX compile features
-- Detecting CXX compile features - done
[0mBuild type: Release[0m
-- Performing Test COMPILER_SUPPORTS_CXX14
-- Performing Test COMPILER_SUPPORTS_CXX14 - Success
-- Performing Test COMPILER_SUPPORTS_CXX0X
-- Performing Test COMPILER_SUPPORTS_CXX0X - Success
-- Using flag -std=c++14.
-- Found OpenCV: /usr (found suitable version "4.5.4", minimum required is "4.2") 
[0mOPENCV VERSION:[0m
[0m4.5.4[0m
-- Configuring incomplete, errors occurred!
See also "/home/j/colcon_ws/build/ORB_SLAM3/CMakeFiles/CMakeOutput.log".
[31mCMake Error at CMakeLists.txt:42 (find_package):
  By not providing "FindPangolin.cmake" in CMAKE_MODULE_PATH this project has
  asked CMake to find a package configuration file provided by "Pangolin",
  but CMake did not find one.

  Could not find a package configuration file provided by "Pangolin" with any
  of the following names:

    PangolinConfig.cmake
    pangolin-config.cmake

  Add the installation prefix of "Pangolin" to CMAKE_PREFIX_PATH or set
  "Pangolin_DIR" to a directory containing one of the above files.  If
  "Pangolin" provides a separate development package or SDK, be sure it has
  been installed.

[0m
