[0.011s] Invoking command in '/home/j/colcon_ws/build/ORB_SLAM3': /usr/bin/cmake /home/j/colcon_ws/ORB_SLAM3 -DCMAKE_INSTALL_PREFIX=/home/j/colcon_ws/install/ORB_SLAM3
[0.018s] [0mCMake Deprecation Warning at CMakeLists.txt:1 (cmake_minimum_required):
[0.018s]   Compatibility with CMake < 2.8.12 will be removed from a future version of
[0.018s]   CMake.
[0.018s] 
[0.018s]   Update the VERSION argument <min> value or use a ...<max> suffix to tell
[0.018s]   CMake that the project does not need compatibility with older versions.
[0.019s] 
[0.019s] [0m
[0.080s] -- The C compiler identification is GNU 11.4.0
[0.150s] -- The CXX compiler identification is GNU 11.4.0
[0.156s] -- Detecting C compiler ABI info
[0.217s] -- Detecting C compiler ABI info - done
[0.221s] -- Check for working C compiler: /usr/bin/cc - skipped
[0.221s] -- Detecting C compile features
[0.222s] -- Detecting C compile features - done
[0.224s] -- Detecting CXX compiler ABI info
[0.273s] -- Detecting CXX compiler ABI info - done
[0.281s] -- Check for working CXX compiler: /usr/bin/c++ - skipped
[0.281s] -- Detecting CXX compile features
[0.282s] -- Detecting CXX compile features - done
[0.282s] [0mBuild type: Release[0m
[0.284s] -- Performing Test COMPILER_SUPPORTS_CXX14
[0.343s] -- Performing Test COMPILER_SUPPORTS_CXX14 - Success
[0.344s] -- Performing Test COMPILER_SUPPORTS_CXX0X
[0.399s] -- Performing Test COMPILER_SUPPORTS_CXX0X - Success
[0.399s] -- Using flag -std=c++14.
[0.409s] -- Found OpenCV: /usr (found suitable version "4.5.4", minimum required is "4.2") 
[0.409s] [0mOPENCV VERSION:[0m
[0.409s] [0m4.5.4[0m
[0.418s] -- Configuring incomplete, errors occurred!
[0.418s] See also "/home/j/colcon_ws/build/ORB_SLAM3/CMakeFiles/CMakeOutput.log".
[0.418s] [31mCMake Error at CMakeLists.txt:42 (find_package):
[0.418s]   By not providing "FindPangolin.cmake" in CMAKE_MODULE_PATH this project has
[0.418s]   asked CMake to find a package configuration file provided by "Pangolin",
[0.418s]   but CMake did not find one.
[0.418s] 
[0.419s]   Could not find a package configuration file provided by "Pangolin" with any
[0.419s]   of the following names:
[0.419s] 
[0.419s]     PangolinConfig.cmake
[0.419s]     pangolin-config.cmake
[0.419s] 
[0.419s]   Add the installation prefix of "Pangolin" to CMAKE_PREFIX_PATH or set
[0.419s]   "Pangolin_DIR" to a directory containing one of the above files.  If
[0.419s]   "Pangolin" provides a separate development package or SDK, be sure it has
[0.419s]   been installed.
[0.419s] 
[0.419s] [0m
