[0.008s] Invoking command in '/home/j/colcon_ws/build/orbslam3': CMAKE_PREFIX_PATH=/opt/ros/humble /usr/bin/cmake /home/j/colcon_ws/src/orbslam3_ros2 -DCMAKE_INSTALL_PREFIX=/home/j/colcon_ws/install/orbslam3
[0.074s] -- The C compiler identification is GNU 11.4.0
[0.144s] -- The CXX compiler identification is GNU 11.4.0
[0.151s] -- Detecting C compiler ABI info
[0.212s] -- Detecting C compiler ABI info - done
[0.216s] -- Check for working C compiler: /usr/bin/cc - skipped
[0.216s] -- Detecting C compile features
[0.216s] -- Detecting C compile features - done
[0.217s] -- Detecting CXX compiler ABI info
[0.269s] -- Detecting CXX compiler ABI info - done
[0.274s] -- Check for working CXX compiler: /usr/bin/c++ - skipped
[0.274s] -- Detecting CXX compile features
[0.275s] -- Detecting CXX compile features - done
[0.280s] -- Found ament_cmake: 1.3.14 (/opt/ros/humble/share/ament_cmake/cmake)
[0.394s] -- Found Python3: /usr/bin/python3 (found version "3.10.12") found components: Interpreter 
[0.454s] -- Found rclcpp: 16.0.19 (/opt/ros/humble/share/rclcpp/cmake)
[0.489s] -- Found rosidl_generator_c: 3.1.8 (/opt/ros/humble/share/rosidl_generator_c/cmake)
[0.492s] -- Found rosidl_adapter: 3.1.8 (/opt/ros/humble/share/rosidl_adapter/cmake)
[0.498s] -- Found rosidl_generator_cpp: 3.1.8 (/opt/ros/humble/share/rosidl_generator_cpp/cmake)
[0.505s] -- Using all available rosidl_typesupport_c: rosidl_typesupport_fastrtps_c;rosidl_typesupport_introspection_c
[0.515s] -- Using all available rosidl_typesupport_cpp: rosidl_typesupport_fastrtps_cpp;rosidl_typesupport_introspection_cpp
[0.541s] -- Found rmw_implementation_cmake: 6.1.2 (/opt/ros/humble/share/rmw_implementation_cmake/cmake)
[0.542s] -- Found rmw_fastrtps_cpp: 6.2.10 (/opt/ros/humble/share/rmw_fastrtps_cpp/cmake)
[0.608s] -- Found OpenSSL: /usr/lib/x86_64-linux-gnu/libcrypto.so (found version "3.0.2")  
[0.629s] -- Found FastRTPS: /opt/ros/humble/include  
[0.656s] -- Using RMW implementation 'rmw_fastrtps_cpp' as default
[0.662s] -- Looking for pthread.h
[0.711s] -- Looking for pthread.h - found
[0.711s] -- Performing Test CMAKE_HAVE_LIBC_PTHREAD
[0.762s] -- Performing Test CMAKE_HAVE_LIBC_PTHREAD - Success
[0.763s] -- Found Threads: TRUE  
[0.802s] -- Found sensor_msgs: 4.9.1 (/opt/ros/humble/share/sensor_msgs/cmake)
[0.819s] -- Found cv_bridge: 3.2.1 (/opt/ros/humble/share/cv_bridge/cmake)
[0.826s] -- Found message_filters: 4.3.16 (/opt/ros/humble/share/message_filters/cmake)
[0.828s] -- Found OpenCV: /usr (found version "4.5.4") found components: core imgproc calib3d 
[0.833s] -- Configuring incomplete, errors occurred!
[0.833s] See also "/home/j/colcon_ws/build/orbslam3/CMakeFiles/CMakeOutput.log".
[0.833s] [31mCMake Error at CMakeLists.txt:24 (find_package):
[0.834s]   By not providing "FindSophus.cmake" in CMAKE_MODULE_PATH this project has
[0.834s]   asked CMake to find a package configuration file provided by "Sophus", but
[0.834s]   CMake did not find one.
[0.834s] 
[0.834s]   Could not find a package configuration file provided by "Sophus" with any
[0.834s]   of the following names:
[0.834s] 
[0.834s]     SophusConfig.cmake
[0.834s]     sophus-config.cmake
[0.834s] 
[0.834s]   Add the installation prefix of "Sophus" to CMAKE_PREFIX_PATH or set
[0.834s]   "Sophus_DIR" to a directory containing one of the above files.  If "Sophus"
[0.834s]   provides a separate development package or SDK, be sure it has been
[0.834s]   installed.
[0.834s] 
[0.834s] [0m
