-- Found ament_cmake: 1.3.14 (/opt/ros/humble/share/ament_cmake/cmake)
-- Override CMake install command with custom implementation using symlinks instead of copying resources
-- Found rclcpp: 16.0.19 (/opt/ros/humble/share/rclcpp/cmake)
-- Found rosidl_generator_c: 3.1.8 (/opt/ros/humble/share/rosidl_generator_c/cmake)
-- Found rosidl_adapter: 3.1.8 (/opt/ros/humble/share/rosidl_adapter/cmake)
-- Found rosidl_generator_cpp: 3.1.8 (/opt/ros/humble/share/rosidl_generator_cpp/cmake)
-- Using all available rosidl_typesupport_c: rosidl_typesupport_fastrtps_c;rosidl_typesupport_introspection_c
-- Using all available rosidl_typesupport_cpp: rosidl_typesupport_fastrtps_cpp;rosidl_typesupport_introspection_cpp
-- Found rmw_implementation_cmake: 6.1.2 (/opt/ros/humble/share/rmw_implementation_cmake/cmake)
-- Found rmw_fastrtps_cpp: 6.2.10 (/opt/ros/humble/share/rmw_fastrtps_cpp/cmake)
-- Using RMW implementation 'rmw_fastrtps_cpp' as default
-- Found sensor_msgs: 4.9.1 (/opt/ros/humble/share/sensor_msgs/cmake)
-- Found cv_bridge: 3.2.1 (/opt/ros/humble/share/cv_bridge/cmake)
-- Found message_filters: 4.3.16 (/opt/ros/humble/share/message_filters/cmake)
-- Found OpenCV: /usr (found version "4.5.4") found components: core imgproc calib3d 
-- Configuring done
-- Generating done
-- Build files have been written to: /home/j/colcon_ws/build/orbslam3
[35m[1mConsolidate compiler generated dependencies of target mono[0m
[35m[1mConsolidate compiler generated dependencies of target rgbd[0m
[ 25%] Built target mono
[ 50%] Built target rgbd
[35m[1mConsolidate compiler generated dependencies of target stereo[0m
[35m[1mConsolidate compiler generated dependencies of target stereo-inertial[0m
[ 58%] [32m[1mLinking CXX executable stereo[0m
[ 66%] [32m[1mLinking CXX executable stereo-inertial[0m
[ 83%] Built target stereo
[100%] Built target stereo-inertial
-- Install configuration: "Release"
-- Execute custom install script
-- Symlinking: /home/j/colcon_ws/install/orbslam3/lib/orbslam3/mono
-- Symlinking: /home/j/colcon_ws/install/orbslam3/lib/orbslam3/rgbd
-- Symlinking: /home/j/colcon_ws/install/orbslam3/lib/orbslam3/stereo
-- Symlinking: /home/j/colcon_ws/install/orbslam3/lib/orbslam3/stereo-inertial
-- Symlinking: /home/j/colcon_ws/install/orbslam3/share/ament_index/resource_index/package_run_dependencies/orbslam3
-- Symlinking: /home/j/colcon_ws/install/orbslam3/share/ament_index/resource_index/parent_prefix_path/orbslam3
-- Symlinking: /home/j/colcon_ws/install/orbslam3/share/orbslam3/environment/ament_prefix_path.sh
-- Symlinking: /home/j/colcon_ws/install/orbslam3/share/orbslam3/environment/ament_prefix_path.dsv
-- Symlinking: /home/j/colcon_ws/install/orbslam3/share/orbslam3/environment/path.sh
-- Symlinking: /home/j/colcon_ws/install/orbslam3/share/orbslam3/environment/path.dsv
-- Symlinking: /home/j/colcon_ws/install/orbslam3/share/orbslam3/local_setup.bash
-- Symlinking: /home/j/colcon_ws/install/orbslam3/share/orbslam3/local_setup.sh
-- Symlinking: /home/j/colcon_ws/install/orbslam3/share/orbslam3/local_setup.zsh
-- Symlinking: /home/j/colcon_ws/install/orbslam3/share/orbslam3/local_setup.dsv
-- Symlinking: /home/j/colcon_ws/install/orbslam3/share/orbslam3/package.dsv
-- Symlinking: /home/j/colcon_ws/install/orbslam3/share/ament_index/resource_index/packages/orbslam3
-- Symlinking: /home/j/colcon_ws/install/orbslam3/share/orbslam3/cmake/orbslam3Config.cmake
-- Symlinking: /home/j/colcon_ws/install/orbslam3/share/orbslam3/cmake/orbslam3Config-version.cmake
-- Symlinking: /home/j/colcon_ws/install/orbslam3/share/orbslam3/package.xml
