[0.007s] Invoking command in '/home/j/colcon_ws/build/orbslam3': CMAKE_PREFIX_PATH=${CMAKE_PREFIX_PATH}:/opt/ros/humble /usr/bin/cmake --build /home/j/colcon_ws/build/orbslam3
[0.029s] -- Found ament_cmake: 1.3.14 (/opt/ros/humble/share/ament_cmake/cmake)
[0.107s] -- Override CMake install command with custom implementation using symlinks instead of copying resources
[0.110s] -- Found rclcpp: 16.0.19 (/opt/ros/humble/share/rclcpp/cmake)
[0.127s] -- Found rosidl_generator_c: 3.1.8 (/opt/ros/humble/share/rosidl_generator_c/cmake)
[0.128s] -- Found rosidl_adapter: 3.1.8 (/opt/ros/humble/share/rosidl_adapter/cmake)
[0.132s] -- Found rosidl_generator_cpp: 3.1.8 (/opt/ros/humble/share/rosidl_generator_cpp/cmake)
[0.139s] -- Using all available rosidl_typesupport_c: rosidl_typesupport_fastrtps_c;rosidl_typesupport_introspection_c
[0.146s] -- Using all available rosidl_typesupport_cpp: rosidl_typesupport_fastrtps_cpp;rosidl_typesupport_introspection_cpp
[0.163s] -- Found rmw_implementation_cmake: 6.1.2 (/opt/ros/humble/share/rmw_implementation_cmake/cmake)
[0.164s] -- Found rmw_fastrtps_cpp: 6.2.10 (/opt/ros/humble/share/rmw_fastrtps_cpp/cmake)
[0.240s] -- Using RMW implementation 'rmw_fastrtps_cpp' as default
[0.278s] -- Found sensor_msgs: 4.9.1 (/opt/ros/humble/share/sensor_msgs/cmake)
[0.292s] -- Found cv_bridge: 3.2.1 (/opt/ros/humble/share/cv_bridge/cmake)
[0.296s] -- Found message_filters: 4.3.16 (/opt/ros/humble/share/message_filters/cmake)
[0.298s] -- Found OpenCV: /usr (found version "4.5.4") found components: core imgproc calib3d 
[0.341s] -- Configuring done
[0.361s] -- Generating done
[0.366s] -- Build files have been written to: /home/j/colcon_ws/build/orbslam3
[0.389s] [35m[1mConsolidate compiler generated dependencies of target mono[0m
[0.390s] [35m[1mConsolidate compiler generated dependencies of target rgbd[0m
[0.413s] [ 25%] Built target mono
[0.415s] [ 50%] Built target rgbd
[0.420s] [35m[1mConsolidate compiler generated dependencies of target stereo[0m
[0.424s] [35m[1mConsolidate compiler generated dependencies of target stereo-inertial[0m
[0.441s] [ 58%] [32m[1mLinking CXX executable stereo[0m
[0.450s] [ 66%] [32m[1mLinking CXX executable stereo-inertial[0m
[0.806s] [ 83%] Built target stereo
[0.812s] [100%] Built target stereo-inertial
[60.062s] Invoked command in '/home/j/colcon_ws/build/orbslam3' returned '0': CMAKE_PREFIX_PATH=${CMAKE_PREFIX_PATH}:/opt/ros/humble /usr/bin/cmake --build /home/j/colcon_ws/build/orbslam3
[60.075s] Invoking command in '/home/j/colcon_ws/build/orbslam3': CMAKE_PREFIX_PATH=${CMAKE_PREFIX_PATH}:/opt/ros/humble /usr/bin/cmake --install /home/j/colcon_ws/build/orbslam3
[60.084s] -- Install configuration: "Release"
[60.085s] -- Execute custom install script
[60.085s] -- Symlinking: /home/j/colcon_ws/install/orbslam3/lib/orbslam3/mono
[60.095s] -- Symlinking: /home/j/colcon_ws/install/orbslam3/lib/orbslam3/rgbd
[60.103s] -- Symlinking: /home/j/colcon_ws/install/orbslam3/lib/orbslam3/stereo
[60.113s] -- Symlinking: /home/j/colcon_ws/install/orbslam3/lib/orbslam3/stereo-inertial
[60.124s] -- Symlinking: /home/j/colcon_ws/install/orbslam3/share/ament_index/resource_index/package_run_dependencies/orbslam3
[60.133s] -- Symlinking: /home/j/colcon_ws/install/orbslam3/share/ament_index/resource_index/parent_prefix_path/orbslam3
[60.143s] -- Symlinking: /home/j/colcon_ws/install/orbslam3/share/orbslam3/environment/ament_prefix_path.sh
[60.153s] -- Symlinking: /home/j/colcon_ws/install/orbslam3/share/orbslam3/environment/ament_prefix_path.dsv
[60.162s] -- Symlinking: /home/j/colcon_ws/install/orbslam3/share/orbslam3/environment/path.sh
[60.171s] -- Symlinking: /home/j/colcon_ws/install/orbslam3/share/orbslam3/environment/path.dsv
[60.181s] -- Symlinking: /home/j/colcon_ws/install/orbslam3/share/orbslam3/local_setup.bash
[60.192s] -- Symlinking: /home/j/colcon_ws/install/orbslam3/share/orbslam3/local_setup.sh
[60.202s] -- Symlinking: /home/j/colcon_ws/install/orbslam3/share/orbslam3/local_setup.zsh
[60.211s] -- Symlinking: /home/j/colcon_ws/install/orbslam3/share/orbslam3/local_setup.dsv
[60.219s] -- Symlinking: /home/j/colcon_ws/install/orbslam3/share/orbslam3/package.dsv
[60.230s] -- Symlinking: /home/j/colcon_ws/install/orbslam3/share/ament_index/resource_index/packages/orbslam3
[60.240s] -- Symlinking: /home/j/colcon_ws/install/orbslam3/share/orbslam3/cmake/orbslam3Config.cmake
[60.245s] -- Symlinking: /home/j/colcon_ws/install/orbslam3/share/orbslam3/cmake/orbslam3Config-version.cmake
[60.252s] -- Symlinking: /home/j/colcon_ws/install/orbslam3/share/orbslam3/package.xml
[120.123s] Invoked command in '/home/j/colcon_ws/build/orbslam3' returned '0': CMAKE_PREFIX_PATH=${CMAKE_PREFIX_PATH}:/opt/ros/humble /usr/bin/cmake --install /home/j/colcon_ws/build/orbslam3
