[0.009s] Invoking command in '/home/j/colcon_ws/build/orbslam3': CMAKE_PREFIX_PATH=/opt/ros/humble /usr/bin/cmake --build /home/j/colcon_ws/build/orbslam3 -- -j24 -l24
[0.055s] [  8%] Building CXX object CMakeFiles/stereo-inertial.dir/src/stereo-inertial/stereo-inertial-node.cpp.o
[0.055s] Consolidate compiler generated dependencies of target rgbd
[0.056s] Consolidate compiler generated dependencies of target stereo
[0.060s] [ 33%] Built target mono
[0.071s] [ 58%] Built target rgbd
[0.072s] [ 83%] Built target stereo
[2.408s] In file included from /home/j/colcon_ws/ORB_SLAM3/include/Frame.h:30,
[2.408s]                  from /home/j/colcon_ws/ORB_SLAM3/include/KeyFrame.h:28,
[2.408s]                  from /home/j/colcon_ws/ORB_SLAM3/include/MapPoint.h:23,
[2.408s]                  from /home/j/colcon_ws/ORB_SLAM3/include/FrameDrawer.h:24,
[2.408s]                  from /home/j/colcon_ws/ORB_SLAM3/include/Viewer.h:23,
[2.408s]                  from /home/j/colcon_ws/ORB_SLAM3/include/Tracking.h:26,
[2.408s]                  from /home/j/colcon_ws/ORB_SLAM3/include/System.h:31,
[2.408s]                  from /home/j/colcon_ws/src/orbslam3_ros2/src/stereo-inertial/stereo-inertial-node.hpp:10,
[2.408s]                  from /home/j/colcon_ws/src/orbslam3_ros2/src/stereo-inertial/stereo-inertial-node.cpp:1:
[2.408s] /home/j/colcon_ws/ORB_SLAM3/include/ImuTypes.h: In member function ‘void ORB_SLAM3::IMU::Preintegrated::printMeasurements() const’:
[2.408s] /home/j/colcon_ws/ORB_SLAM3/include/ImuTypes.h:204:23: warning: comparison of integer expressions of different signedness: ‘int’ and ‘std::vector<ORB_SLAM3::IMU::Preintegrated::integrable>::size_type’ {aka ‘long unsigned int’} [-Wsign-compare]
[2.408s]   204 |         for(int i=0; i<mvMeasurements.size(); i++){
[2.408s]       |                      ~^~~~~~~~~~~~~~~~~~~~~~
[2.450s] In file included from /home/j/colcon_ws/ORB_SLAM3/Thirdparty/g2o/g2o/types/types_six_dof_expmap.h:37,
[2.450s]                  from /home/j/colcon_ws/ORB_SLAM3/include/Converter.h:26,
[2.450s]                  from /home/j/colcon_ws/ORB_SLAM3/include/Frame.h:33,
[2.450s]                  from /home/j/colcon_ws/ORB_SLAM3/include/KeyFrame.h:28,
[2.450s]                  from /home/j/colcon_ws/ORB_SLAM3/include/MapPoint.h:23,
[2.450s]                  from /home/j/colcon_ws/ORB_SLAM3/include/FrameDrawer.h:24,
[2.450s]                  from /home/j/colcon_ws/ORB_SLAM3/include/Viewer.h:23,
[2.450s]                  from /home/j/colcon_ws/ORB_SLAM3/include/Tracking.h:26,
[2.450s]                  from /home/j/colcon_ws/ORB_SLAM3/include/System.h:31,
[2.450s]                  from /home/j/colcon_ws/src/orbslam3_ros2/src/stereo-inertial/stereo-inertial-node.hpp:10,
[2.450s]                  from /home/j/colcon_ws/src/orbslam3_ros2/src/stereo-inertial/stereo-inertial-node.cpp:1:
[2.450s] /home/j/colcon_ws/ORB_SLAM3/Thirdparty/g2o/g2o/types/../core/base_vertex.h: At global scope:
[2.450s] /home/j/colcon_ws/ORB_SLAM3/Thirdparty/g2o/g2o/types/../core/base_vertex.h:62:74: warning: ‘Eigen::AlignedBit’ is deprecated [-Wdeprecated-declarations]
[2.450s]    62 |     typedef Eigen::Map<Matrix<double, D, D>, Matrix<double,D,D>::Flags & AlignedBit ? Aligned : Unaligned >  HessianBlockType;
[2.450s]       |                                                                          ^~~~~~~~~~
[2.450s] In file included from /usr/include/eigen3/Eigen/Core:161,
[2.451s]                  from /usr/include/eigen3/Eigen/LU:11,
[2.451s]                  from /home/j/colcon_ws/ORB_SLAM3/Thirdparty/Sophus/sophus/so2.hpp:12,
[2.451s]                  from /home/j/colcon_ws/ORB_SLAM3/Thirdparty/Sophus/sophus/se2.hpp:7,
[2.451s]                  from /home/j/colcon_ws/ORB_SLAM3/Thirdparty/Sophus/sophus/geometry.hpp:7,
[2.451s]                  from /home/j/colcon_ws/ORB_SLAM3/include/Frame.h:28,
[2.451s]                  from /home/j/colcon_ws/ORB_SLAM3/include/KeyFrame.h:28,
[2.451s]                  from /home/j/colcon_ws/ORB_SLAM3/include/MapPoint.h:23,
[2.451s]                  from /home/j/colcon_ws/ORB_SLAM3/include/FrameDrawer.h:24,
[2.451s]                  from /home/j/colcon_ws/ORB_SLAM3/include/Viewer.h:23,
[2.451s]                  from /home/j/colcon_ws/ORB_SLAM3/include/Tracking.h:26,
[2.451s]                  from /home/j/colcon_ws/ORB_SLAM3/include/System.h:31,
[2.451s]                  from /home/j/colcon_ws/src/orbslam3_ros2/src/stereo-inertial/stereo-inertial-node.hpp:10,
[2.451s]                  from /home/j/colcon_ws/src/orbslam3_ros2/src/stereo-inertial/stereo-inertial-node.cpp:1:
[2.451s] /usr/include/eigen3/Eigen/src/Core/util/Constants.h:167:37: note: declared here
[2.451s]   167 | EIGEN_DEPRECATED const unsigned int AlignedBit = 0x80;
[2.451s]       |                                     ^~~~~~~~~~
[2.461s] In file included from /home/j/colcon_ws/ORB_SLAM3/Thirdparty/g2o/g2o/types/types_six_dof_expmap.h:38,
[2.461s]                  from /home/j/colcon_ws/ORB_SLAM3/include/Converter.h:26,
[2.461s]                  from /home/j/colcon_ws/ORB_SLAM3/include/Frame.h:33,
[2.461s]                  from /home/j/colcon_ws/ORB_SLAM3/include/KeyFrame.h:28,
[2.461s]                  from /home/j/colcon_ws/ORB_SLAM3/include/MapPoint.h:23,
[2.461s]                  from /home/j/colcon_ws/ORB_SLAM3/include/FrameDrawer.h:24,
[2.461s]                  from /home/j/colcon_ws/ORB_SLAM3/include/Viewer.h:23,
[2.461s]                  from /home/j/colcon_ws/ORB_SLAM3/include/Tracking.h:26,
[2.461s]                  from /home/j/colcon_ws/ORB_SLAM3/include/System.h:31,
[2.461s]                  from /home/j/colcon_ws/src/orbslam3_ros2/src/stereo-inertial/stereo-inertial-node.hpp:10,
[2.461s]                  from /home/j/colcon_ws/src/orbslam3_ros2/src/stereo-inertial/stereo-inertial-node.cpp:1:
[2.461s] /home/j/colcon_ws/ORB_SLAM3/Thirdparty/g2o/g2o/types/../core/base_binary_edge.h:59:82: warning: ‘Eigen::AlignedBit’ is deprecated [-Wdeprecated-declarations]
[2.461s]    59 |       typedef Eigen::Map<Matrix<double, Di, Dj>, Matrix<double, Di, Dj>::Flags & AlignedBit ? Aligned : Unaligned > HessianBlockType;
[2.461s]       |                                                                                  ^~~~~~~~~~
[2.461s] In file included from /usr/include/eigen3/Eigen/Core:161,
[2.461s]                  from /usr/include/eigen3/Eigen/LU:11,
[2.461s]                  from /home/j/colcon_ws/ORB_SLAM3/Thirdparty/Sophus/sophus/so2.hpp:12,
[2.461s]                  from /home/j/colcon_ws/ORB_SLAM3/Thirdparty/Sophus/sophus/se2.hpp:7,
[2.461s]                  from /home/j/colcon_ws/ORB_SLAM3/Thirdparty/Sophus/sophus/geometry.hpp:7,
[2.461s]                  from /home/j/colcon_ws/ORB_SLAM3/include/Frame.h:28,
[2.461s]                  from /home/j/colcon_ws/ORB_SLAM3/include/KeyFrame.h:28,
[2.461s]                  from /home/j/colcon_ws/ORB_SLAM3/include/MapPoint.h:23,
[2.461s]                  from /home/j/colcon_ws/ORB_SLAM3/include/FrameDrawer.h:24,
[2.461s]                  from /home/j/colcon_ws/ORB_SLAM3/include/Viewer.h:23,
[2.461s]                  from /home/j/colcon_ws/ORB_SLAM3/include/Tracking.h:26,
[2.461s]                  from /home/j/colcon_ws/ORB_SLAM3/include/System.h:31,
[2.461s]                  from /home/j/colcon_ws/src/orbslam3_ros2/src/stereo-inertial/stereo-inertial-node.hpp:10,
[2.462s]                  from /home/j/colcon_ws/src/orbslam3_ros2/src/stereo-inertial/stereo-inertial-node.cpp:1:
[2.462s] /usr/include/eigen3/Eigen/src/Core/util/Constants.h:167:37: note: declared here
[2.462s]   167 | EIGEN_DEPRECATED const unsigned int AlignedBit = 0x80;
[2.462s]       |                                     ^~~~~~~~~~
[2.462s] In file included from /home/j/colcon_ws/ORB_SLAM3/Thirdparty/g2o/g2o/types/types_six_dof_expmap.h:38,
[2.462s]                  from /home/j/colcon_ws/ORB_SLAM3/include/Converter.h:26,
[2.462s]                  from /home/j/colcon_ws/ORB_SLAM3/include/Frame.h:33,
[2.462s]                  from /home/j/colcon_ws/ORB_SLAM3/include/KeyFrame.h:28,
[2.462s]                  from /home/j/colcon_ws/ORB_SLAM3/include/MapPoint.h:23,
[2.462s]                  from /home/j/colcon_ws/ORB_SLAM3/include/FrameDrawer.h:24,
[2.462s]                  from /home/j/colcon_ws/ORB_SLAM3/include/Viewer.h:23,
[2.462s]                  from /home/j/colcon_ws/ORB_SLAM3/include/Tracking.h:26,
[2.462s]                  from /home/j/colcon_ws/ORB_SLAM3/include/System.h:31,
[2.462s]                  from /home/j/colcon_ws/src/orbslam3_ros2/src/stereo-inertial/stereo-inertial-node.hpp:10,
[2.462s]                  from /home/j/colcon_ws/src/orbslam3_ros2/src/stereo-inertial/stereo-inertial-node.cpp:1:
[2.462s] /home/j/colcon_ws/ORB_SLAM3/Thirdparty/g2o/g2o/types/../core/base_binary_edge.h:60:82: warning: ‘Eigen::AlignedBit’ is deprecated [-Wdeprecated-declarations]
[2.462s]    60 |       typedef Eigen::Map<Matrix<double, Dj, Di>, Matrix<double, Dj, Di>::Flags & AlignedBit ? Aligned : Unaligned > HessianBlockTransposedType;
[2.462s]       |                                                                                  ^~~~~~~~~~
[2.462s] In file included from /usr/include/eigen3/Eigen/Core:161,
[2.462s]                  from /usr/include/eigen3/Eigen/LU:11,
[2.462s]                  from /home/j/colcon_ws/ORB_SLAM3/Thirdparty/Sophus/sophus/so2.hpp:12,
[2.462s]                  from /home/j/colcon_ws/ORB_SLAM3/Thirdparty/Sophus/sophus/se2.hpp:7,
[2.462s]                  from /home/j/colcon_ws/ORB_SLAM3/Thirdparty/Sophus/sophus/geometry.hpp:7,
[2.462s]                  from /home/j/colcon_ws/ORB_SLAM3/include/Frame.h:28,
[2.462s]                  from /home/j/colcon_ws/ORB_SLAM3/include/KeyFrame.h:28,
[2.462s]                  from /home/j/colcon_ws/ORB_SLAM3/include/MapPoint.h:23,
[2.462s]                  from /home/j/colcon_ws/ORB_SLAM3/include/FrameDrawer.h:24,
[2.462s]                  from /home/j/colcon_ws/ORB_SLAM3/include/Viewer.h:23,
[2.462s]                  from /home/j/colcon_ws/ORB_SLAM3/include/Tracking.h:26,
[2.462s]                  from /home/j/colcon_ws/ORB_SLAM3/include/System.h:31,
[2.462s]                  from /home/j/colcon_ws/src/orbslam3_ros2/src/stereo-inertial/stereo-inertial-node.hpp:10,
[2.462s]                  from /home/j/colcon_ws/src/orbslam3_ros2/src/stereo-inertial/stereo-inertial-node.cpp:1:
[2.462s] /usr/include/eigen3/Eigen/src/Core/util/Constants.h:167:37: note: declared here
[2.462s]   167 | EIGEN_DEPRECATED const unsigned int AlignedBit = 0x80;
[2.462s]       |                                     ^~~~~~~~~~
[2.482s] In file included from /home/j/colcon_ws/ORB_SLAM3/Thirdparty/g2o/g2o/types/types_six_dof_expmap.h:41,
[2.482s]                  from /home/j/colcon_ws/ORB_SLAM3/include/Converter.h:26,
[2.482s]                  from /home/j/colcon_ws/ORB_SLAM3/include/Frame.h:33,
[2.482s]                  from /home/j/colcon_ws/ORB_SLAM3/include/KeyFrame.h:28,
[2.482s]                  from /home/j/colcon_ws/ORB_SLAM3/include/MapPoint.h:23,
[2.482s]                  from /home/j/colcon_ws/ORB_SLAM3/include/FrameDrawer.h:24,
[2.482s]                  from /home/j/colcon_ws/ORB_SLAM3/include/Viewer.h:23,
[2.482s]                  from /home/j/colcon_ws/ORB_SLAM3/include/Tracking.h:26,
[2.482s]                  from /home/j/colcon_ws/ORB_SLAM3/include/System.h:31,
[2.482s]                  from /home/j/colcon_ws/src/orbslam3_ros2/src/stereo-inertial/stereo-inertial-node.hpp:10,
[2.482s]                  from /home/j/colcon_ws/src/orbslam3_ros2/src/stereo-inertial/stereo-inertial-node.cpp:1:
[2.482s] /home/j/colcon_ws/ORB_SLAM3/Thirdparty/g2o/g2o/types/se3quat.h:43:38: warning: extra ‘;’ [-Wpedantic]
[2.482s]    43 |       EIGEN_MAKE_ALIGNED_OPERATOR_NEW;
[2.482s]       |                                      ^
[2.483s]       |                                      -
[2.653s] In file included from /home/j/colcon_ws/ORB_SLAM3/Thirdparty/g2o/g2o/types/types_six_dof_expmap.h:37,
[2.653s]                  from /home/j/colcon_ws/ORB_SLAM3/include/Converter.h:26,
[2.653s]                  from /home/j/colcon_ws/ORB_SLAM3/include/Frame.h:33,
[2.653s]                  from /home/j/colcon_ws/ORB_SLAM3/include/KeyFrame.h:28,
[2.653s]                  from /home/j/colcon_ws/ORB_SLAM3/include/MapPoint.h:23,
[2.653s]                  from /home/j/colcon_ws/ORB_SLAM3/include/FrameDrawer.h:24,
[2.653s]                  from /home/j/colcon_ws/ORB_SLAM3/include/Viewer.h:23,
[2.653s]                  from /home/j/colcon_ws/ORB_SLAM3/include/Tracking.h:26,
[2.653s]                  from /home/j/colcon_ws/ORB_SLAM3/include/System.h:31,
[2.653s]                  from /home/j/colcon_ws/src/orbslam3_ros2/src/stereo-inertial/stereo-inertial-node.hpp:10,
[2.653s]                  from /home/j/colcon_ws/src/orbslam3_ros2/src/stereo-inertial/stereo-inertial-node.cpp:1:
[2.653s] /home/j/colcon_ws/ORB_SLAM3/Thirdparty/g2o/g2o/types/../core/base_vertex.h: In instantiation of ‘class g2o::BaseVertex<3, Eigen::Matrix<double, 3, 1> >’:
[2.653s] /home/j/colcon_ws/ORB_SLAM3/Thirdparty/g2o/g2o/types/types_sba.h:40:35:   required from here
[2.653s] /home/j/colcon_ws/ORB_SLAM3/Thirdparty/g2o/g2o/types/../core/base_vertex.h:62:72: warning: ‘Eigen::AlignedBit’ is deprecated [-Wdeprecated-declarations]
[2.653s]    62 |     typedef Eigen::Map<Matrix<double, D, D>, Matrix<double,D,D>::Flags & AlignedBit ? Aligned : Unaligned >  HessianBlockType;
[2.653s]       |                                                                  ~~~~~~^~~~~~~~~~~~
[2.653s] In file included from /usr/include/eigen3/Eigen/Core:161,
[2.653s]                  from /usr/include/eigen3/Eigen/LU:11,
[2.653s]                  from /home/j/colcon_ws/ORB_SLAM3/Thirdparty/Sophus/sophus/so2.hpp:12,
[2.653s]                  from /home/j/colcon_ws/ORB_SLAM3/Thirdparty/Sophus/sophus/se2.hpp:7,
[2.653s]                  from /home/j/colcon_ws/ORB_SLAM3/Thirdparty/Sophus/sophus/geometry.hpp:7,
[2.653s]                  from /home/j/colcon_ws/ORB_SLAM3/include/Frame.h:28,
[2.653s]                  from /home/j/colcon_ws/ORB_SLAM3/include/KeyFrame.h:28,
[2.653s]                  from /home/j/colcon_ws/ORB_SLAM3/include/MapPoint.h:23,
[2.653s]                  from /home/j/colcon_ws/ORB_SLAM3/include/FrameDrawer.h:24,
[2.653s]                  from /home/j/colcon_ws/ORB_SLAM3/include/Viewer.h:23,
[2.654s]                  from /home/j/colcon_ws/ORB_SLAM3/include/Tracking.h:26,
[2.654s]                  from /home/j/colcon_ws/ORB_SLAM3/include/System.h:31,
[2.654s]                  from /home/j/colcon_ws/src/orbslam3_ros2/src/stereo-inertial/stereo-inertial-node.hpp:10,
[2.654s]                  from /home/j/colcon_ws/src/orbslam3_ros2/src/stereo-inertial/stereo-inertial-node.cpp:1:
[2.654s] /usr/include/eigen3/Eigen/src/Core/util/Constants.h:167:37: note: declared here
[2.654s]   167 | EIGEN_DEPRECATED const unsigned int AlignedBit = 0x80;
[2.654s]       |                                     ^~~~~~~~~~
[2.666s] In file included from /home/j/colcon_ws/ORB_SLAM3/Thirdparty/g2o/g2o/types/types_six_dof_expmap.h:37,
[2.666s]                  from /home/j/colcon_ws/ORB_SLAM3/include/Converter.h:26,
[2.666s]                  from /home/j/colcon_ws/ORB_SLAM3/include/Frame.h:33,
[2.666s]                  from /home/j/colcon_ws/ORB_SLAM3/include/KeyFrame.h:28,
[2.666s]                  from /home/j/colcon_ws/ORB_SLAM3/include/MapPoint.h:23,
[2.666s]                  from /home/j/colcon_ws/ORB_SLAM3/include/FrameDrawer.h:24,
[2.666s]                  from /home/j/colcon_ws/ORB_SLAM3/include/Viewer.h:23,
[2.666s]                  from /home/j/colcon_ws/ORB_SLAM3/include/Tracking.h:26,
[2.666s]                  from /home/j/colcon_ws/ORB_SLAM3/include/System.h:31,
[2.666s]                  from /home/j/colcon_ws/src/orbslam3_ros2/src/stereo-inertial/stereo-inertial-node.hpp:10,
[2.666s]                  from /home/j/colcon_ws/src/orbslam3_ros2/src/stereo-inertial/stereo-inertial-node.cpp:1:
[2.666s] /home/j/colcon_ws/ORB_SLAM3/Thirdparty/g2o/g2o/types/../core/base_vertex.h: In instantiation of ‘class g2o::BaseVertex<6, g2o::SE3Quat>’:
[2.666s] /home/j/colcon_ws/ORB_SLAM3/Thirdparty/g2o/g2o/types/types_six_dof_expmap.h:59:33:   required from here
[2.666s] /home/j/colcon_ws/ORB_SLAM3/Thirdparty/g2o/g2o/types/../core/base_vertex.h:62:72: warning: ‘Eigen::AlignedBit’ is deprecated [-Wdeprecated-declarations]
[2.666s]    62 |     typedef Eigen::Map<Matrix<double, D, D>, Matrix<double,D,D>::Flags & AlignedBit ? Aligned : Unaligned >  HessianBlockType;
[2.666s]       |                                                                  ~~~~~~^~~~~~~~~~~~
[2.666s] In file included from /usr/include/eigen3/Eigen/Core:161,
[2.666s]                  from /usr/include/eigen3/Eigen/LU:11,
[2.666s]                  from /home/j/colcon_ws/ORB_SLAM3/Thirdparty/Sophus/sophus/so2.hpp:12,
[2.667s]                  from /home/j/colcon_ws/ORB_SLAM3/Thirdparty/Sophus/sophus/se2.hpp:7,
[2.667s]                  from /home/j/colcon_ws/ORB_SLAM3/Thirdparty/Sophus/sophus/geometry.hpp:7,
[2.667s]                  from /home/j/colcon_ws/ORB_SLAM3/include/Frame.h:28,
[2.667s]                  from /home/j/colcon_ws/ORB_SLAM3/include/KeyFrame.h:28,
[2.667s]                  from /home/j/colcon_ws/ORB_SLAM3/include/MapPoint.h:23,
[2.667s]                  from /home/j/colcon_ws/ORB_SLAM3/include/FrameDrawer.h:24,
[2.667s]                  from /home/j/colcon_ws/ORB_SLAM3/include/Viewer.h:23,
[2.667s]                  from /home/j/colcon_ws/ORB_SLAM3/include/Tracking.h:26,
[2.667s]                  from /home/j/colcon_ws/ORB_SLAM3/include/System.h:31,
[2.667s]                  from /home/j/colcon_ws/src/orbslam3_ros2/src/stereo-inertial/stereo-inertial-node.hpp:10,
[2.667s]                  from /home/j/colcon_ws/src/orbslam3_ros2/src/stereo-inertial/stereo-inertial-node.cpp:1:
[2.667s] /usr/include/eigen3/Eigen/src/Core/util/Constants.h:167:37: note: declared here
[2.667s]   167 | EIGEN_DEPRECATED const unsigned int AlignedBit = 0x80;
[2.667s]       |                                     ^~~~~~~~~~
[2.680s] In file included from /home/j/colcon_ws/ORB_SLAM3/Thirdparty/g2o/g2o/types/types_six_dof_expmap.h:38,
[2.680s]                  from /home/j/colcon_ws/ORB_SLAM3/include/Converter.h:26,
[2.680s]                  from /home/j/colcon_ws/ORB_SLAM3/include/Frame.h:33,
[2.680s]                  from /home/j/colcon_ws/ORB_SLAM3/include/KeyFrame.h:28,
[2.680s]                  from /home/j/colcon_ws/ORB_SLAM3/include/MapPoint.h:23,
[2.680s]                  from /home/j/colcon_ws/ORB_SLAM3/include/FrameDrawer.h:24,
[2.680s]                  from /home/j/colcon_ws/ORB_SLAM3/include/Viewer.h:23,
[2.680s]                  from /home/j/colcon_ws/ORB_SLAM3/include/Tracking.h:26,
[2.680s]                  from /home/j/colcon_ws/ORB_SLAM3/include/System.h:31,
[2.680s]                  from /home/j/colcon_ws/src/orbslam3_ros2/src/stereo-inertial/stereo-inertial-node.hpp:10,
[2.680s]                  from /home/j/colcon_ws/src/orbslam3_ros2/src/stereo-inertial/stereo-inertial-node.cpp:1:
[2.680s] /home/j/colcon_ws/ORB_SLAM3/Thirdparty/g2o/g2o/types/../core/base_binary_edge.h: In instantiation of ‘class g2o::BaseBinaryEdge<6, g2o::SE3Quat, g2o::VertexSE3Expmap, g2o::VertexSE3Expmap>’:
[2.680s] /home/j/colcon_ws/ORB_SLAM3/Thirdparty/g2o/g2o/types/types_six_dof_expmap.h:83:24:   required from here
[2.680s] /home/j/colcon_ws/ORB_SLAM3/Thirdparty/g2o/g2o/types/../core/base_binary_edge.h:59:80: warning: ‘Eigen::AlignedBit’ is deprecated [-Wdeprecated-declarations]
[2.680s]    59 |       typedef Eigen::Map<Matrix<double, Di, Dj>, Matrix<double, Di, Dj>::Flags & AlignedBit ? Aligned : Unaligned > HessianBlockType;
[2.680s]       |                                                                          ~~~~~~^~~~~~~~~~~~
[2.680s] In file included from /usr/include/eigen3/Eigen/Core:161,
[2.680s]                  from /usr/include/eigen3/Eigen/LU:11,
[2.680s]                  from /home/j/colcon_ws/ORB_SLAM3/Thirdparty/Sophus/sophus/so2.hpp:12,
[2.680s]                  from /home/j/colcon_ws/ORB_SLAM3/Thirdparty/Sophus/sophus/se2.hpp:7,
[2.680s]                  from /home/j/colcon_ws/ORB_SLAM3/Thirdparty/Sophus/sophus/geometry.hpp:7,
[2.680s]                  from /home/j/colcon_ws/ORB_SLAM3/include/Frame.h:28,
[2.680s]                  from /home/j/colcon_ws/ORB_SLAM3/include/KeyFrame.h:28,
[2.680s]                  from /home/j/colcon_ws/ORB_SLAM3/include/MapPoint.h:23,
[2.680s]                  from /home/j/colcon_ws/ORB_SLAM3/include/FrameDrawer.h:24,
[2.680s]                  from /home/j/colcon_ws/ORB_SLAM3/include/Viewer.h:23,
[2.680s]                  from /home/j/colcon_ws/ORB_SLAM3/include/Tracking.h:26,
[2.680s]                  from /home/j/colcon_ws/ORB_SLAM3/include/System.h:31,
[2.680s]                  from /home/j/colcon_ws/src/orbslam3_ros2/src/stereo-inertial/stereo-inertial-node.hpp:10,
[2.680s]                  from /home/j/colcon_ws/src/orbslam3_ros2/src/stereo-inertial/stereo-inertial-node.cpp:1:
[2.680s] /usr/include/eigen3/Eigen/src/Core/util/Constants.h:167:37: note: declared here
[2.680s]   167 | EIGEN_DEPRECATED const unsigned int AlignedBit = 0x80;
[2.680s]       |                                     ^~~~~~~~~~
[2.680s] In file included from /home/j/colcon_ws/ORB_SLAM3/Thirdparty/g2o/g2o/types/types_six_dof_expmap.h:38,
[2.680s]                  from /home/j/colcon_ws/ORB_SLAM3/include/Converter.h:26,
[2.680s]                  from /home/j/colcon_ws/ORB_SLAM3/include/Frame.h:33,
[2.680s]                  from /home/j/colcon_ws/ORB_SLAM3/include/KeyFrame.h:28,
[2.680s]                  from /home/j/colcon_ws/ORB_SLAM3/include/MapPoint.h:23,
[2.680s]                  from /home/j/colcon_ws/ORB_SLAM3/include/FrameDrawer.h:24,
[2.681s]                  from /home/j/colcon_ws/ORB_SLAM3/include/Viewer.h:23,
[2.681s]                  from /home/j/colcon_ws/ORB_SLAM3/include/Tracking.h:26,
[2.681s]                  from /home/j/colcon_ws/ORB_SLAM3/include/System.h:31,
[2.681s]                  from /home/j/colcon_ws/src/orbslam3_ros2/src/stereo-inertial/stereo-inertial-node.hpp:10,
[2.681s]                  from /home/j/colcon_ws/src/orbslam3_ros2/src/stereo-inertial/stereo-inertial-node.cpp:1:
[2.681s] /home/j/colcon_ws/ORB_SLAM3/Thirdparty/g2o/g2o/types/../core/base_binary_edge.h:60:80: warning: ‘Eigen::AlignedBit’ is deprecated [-Wdeprecated-declarations]
[2.681s]    60 |       typedef Eigen::Map<Matrix<double, Dj, Di>, Matrix<double, Dj, Di>::Flags & AlignedBit ? Aligned : Unaligned > HessianBlockTransposedType;
[2.681s]       |                                                                          ~~~~~~^~~~~~~~~~~~
[2.681s] In file included from /usr/include/eigen3/Eigen/Core:161,
[2.681s]                  from /usr/include/eigen3/Eigen/LU:11,
[2.681s]                  from /home/j/colcon_ws/ORB_SLAM3/Thirdparty/Sophus/sophus/so2.hpp:12,
[2.681s]                  from /home/j/colcon_ws/ORB_SLAM3/Thirdparty/Sophus/sophus/se2.hpp:7,
[2.681s]                  from /home/j/colcon_ws/ORB_SLAM3/Thirdparty/Sophus/sophus/geometry.hpp:7,
[2.681s]                  from /home/j/colcon_ws/ORB_SLAM3/include/Frame.h:28,
[2.681s]                  from /home/j/colcon_ws/ORB_SLAM3/include/KeyFrame.h:28,
[2.681s]                  from /home/j/colcon_ws/ORB_SLAM3/include/MapPoint.h:23,
[2.681s]                  from /home/j/colcon_ws/ORB_SLAM3/include/FrameDrawer.h:24,
[2.681s]                  from /home/j/colcon_ws/ORB_SLAM3/include/Viewer.h:23,
[2.681s]                  from /home/j/colcon_ws/ORB_SLAM3/include/Tracking.h:26,
[2.681s]                  from /home/j/colcon_ws/ORB_SLAM3/include/System.h:31,
[2.681s]                  from /home/j/colcon_ws/src/orbslam3_ros2/src/stereo-inertial/stereo-inertial-node.hpp:10,
[2.681s]                  from /home/j/colcon_ws/src/orbslam3_ros2/src/stereo-inertial/stereo-inertial-node.cpp:1:
[2.681s] /usr/include/eigen3/Eigen/src/Core/util/Constants.h:167:37: note: declared here
[2.681s]   167 | EIGEN_DEPRECATED const unsigned int AlignedBit = 0x80;
[2.681s]       |                                     ^~~~~~~~~~
[2.712s] In file included from /home/j/colcon_ws/ORB_SLAM3/Thirdparty/g2o/g2o/types/types_six_dof_expmap.h:38,
[2.712s]                  from /home/j/colcon_ws/ORB_SLAM3/include/Converter.h:26,
[2.712s]                  from /home/j/colcon_ws/ORB_SLAM3/include/Frame.h:33,
[2.712s]                  from /home/j/colcon_ws/ORB_SLAM3/include/KeyFrame.h:28,
[2.712s]                  from /home/j/colcon_ws/ORB_SLAM3/include/MapPoint.h:23,
[2.712s]                  from /home/j/colcon_ws/ORB_SLAM3/include/FrameDrawer.h:24,
[2.712s]                  from /home/j/colcon_ws/ORB_SLAM3/include/Viewer.h:23,
[2.712s]                  from /home/j/colcon_ws/ORB_SLAM3/include/Tracking.h:26,
[2.712s]                  from /home/j/colcon_ws/ORB_SLAM3/include/System.h:31,
[2.712s]                  from /home/j/colcon_ws/src/orbslam3_ros2/src/stereo-inertial/stereo-inertial-node.hpp:10,
[2.712s]                  from /home/j/colcon_ws/src/orbslam3_ros2/src/stereo-inertial/stereo-inertial-node.cpp:1:
[2.712s] /home/j/colcon_ws/ORB_SLAM3/Thirdparty/g2o/g2o/types/../core/base_binary_edge.h: In instantiation of ‘class g2o::BaseBinaryEdge<2, Eigen::Matrix<double, 2, 1>, g2o::VertexSBAPointXYZ, g2o::VertexSE3Expmap>’:
[2.712s] /home/j/colcon_ws/ORB_SLAM3/Thirdparty/g2o/g2o/types/types_six_dof_expmap.h:114:35:   required from here
[2.712s] /home/j/colcon_ws/ORB_SLAM3/Thirdparty/g2o/g2o/types/../core/base_binary_edge.h:59:80: warning: ‘Eigen::AlignedBit’ is deprecated [-Wdeprecated-declarations]
[2.712s]    59 |       typedef Eigen::Map<Matrix<double, Di, Dj>, Matrix<double, Di, Dj>::Flags & AlignedBit ? Aligned : Unaligned > HessianBlockType;
[2.712s]       |                                                                          ~~~~~~^~~~~~~~~~~~
[2.712s] In file included from /usr/include/eigen3/Eigen/Core:161,
[2.713s]                  from /usr/include/eigen3/Eigen/LU:11,
[2.713s]                  from /home/j/colcon_ws/ORB_SLAM3/Thirdparty/Sophus/sophus/so2.hpp:12,
[2.713s]                  from /home/j/colcon_ws/ORB_SLAM3/Thirdparty/Sophus/sophus/se2.hpp:7,
[2.713s]                  from /home/j/colcon_ws/ORB_SLAM3/Thirdparty/Sophus/sophus/geometry.hpp:7,
[2.713s]                  from /home/j/colcon_ws/ORB_SLAM3/include/Frame.h:28,
[2.713s]                  from /home/j/colcon_ws/ORB_SLAM3/include/KeyFrame.h:28,
[2.713s]                  from /home/j/colcon_ws/ORB_SLAM3/include/MapPoint.h:23,
[2.713s]                  from /home/j/colcon_ws/ORB_SLAM3/include/FrameDrawer.h:24,
[2.713s]                  from /home/j/colcon_ws/ORB_SLAM3/include/Viewer.h:23,
[2.713s]                  from /home/j/colcon_ws/ORB_SLAM3/include/Tracking.h:26,
[2.713s]                  from /home/j/colcon_ws/ORB_SLAM3/include/System.h:31,
[2.713s]                  from /home/j/colcon_ws/src/orbslam3_ros2/src/stereo-inertial/stereo-inertial-node.hpp:10,
[2.713s]                  from /home/j/colcon_ws/src/orbslam3_ros2/src/stereo-inertial/stereo-inertial-node.cpp:1:
[2.713s] /usr/include/eigen3/Eigen/src/Core/util/Constants.h:167:37: note: declared here
[2.713s]   167 | EIGEN_DEPRECATED const unsigned int AlignedBit = 0x80;
[2.713s]       |                                     ^~~~~~~~~~
[2.718s] In file included from /home/j/colcon_ws/ORB_SLAM3/Thirdparty/g2o/g2o/types/types_six_dof_expmap.h:38,
[2.718s]                  from /home/j/colcon_ws/ORB_SLAM3/include/Converter.h:26,
[2.718s]                  from /home/j/colcon_ws/ORB_SLAM3/include/Frame.h:33,
[2.718s]                  from /home/j/colcon_ws/ORB_SLAM3/include/KeyFrame.h:28,
[2.718s]                  from /home/j/colcon_ws/ORB_SLAM3/include/MapPoint.h:23,
[2.719s]                  from /home/j/colcon_ws/ORB_SLAM3/include/FrameDrawer.h:24,
[2.719s]                  from /home/j/colcon_ws/ORB_SLAM3/include/Viewer.h:23,
[2.719s]                  from /home/j/colcon_ws/ORB_SLAM3/include/Tracking.h:26,
[2.719s]                  from /home/j/colcon_ws/ORB_SLAM3/include/System.h:31,
[2.719s]                  from /home/j/colcon_ws/src/orbslam3_ros2/src/stereo-inertial/stereo-inertial-node.hpp:10,
[2.719s]                  from /home/j/colcon_ws/src/orbslam3_ros2/src/stereo-inertial/stereo-inertial-node.cpp:1:
[2.719s] /home/j/colcon_ws/ORB_SLAM3/Thirdparty/g2o/g2o/types/../core/base_binary_edge.h:60:80: warning: ‘Eigen::AlignedBit’ is deprecated [-Wdeprecated-declarations]
[2.719s]    60 |       typedef Eigen::Map<Matrix<double, Dj, Di>, Matrix<double, Dj, Di>::Flags & AlignedBit ? Aligned : Unaligned > HessianBlockTransposedType;
[2.719s]       |                                                                          ~~~~~~^~~~~~~~~~~~
[2.719s] In file included from /usr/include/eigen3/Eigen/Core:161,
[2.719s]                  from /usr/include/eigen3/Eigen/LU:11,
[2.719s]                  from /home/j/colcon_ws/ORB_SLAM3/Thirdparty/Sophus/sophus/so2.hpp:12,
[2.719s]                  from /home/j/colcon_ws/ORB_SLAM3/Thirdparty/Sophus/sophus/se2.hpp:7,
[2.719s]                  from /home/j/colcon_ws/ORB_SLAM3/Thirdparty/Sophus/sophus/geometry.hpp:7,
[2.719s]                  from /home/j/colcon_ws/ORB_SLAM3/include/Frame.h:28,
[2.719s]                  from /home/j/colcon_ws/ORB_SLAM3/include/KeyFrame.h:28,
[2.719s]                  from /home/j/colcon_ws/ORB_SLAM3/include/MapPoint.h:23,
[2.719s]                  from /home/j/colcon_ws/ORB_SLAM3/include/FrameDrawer.h:24,
[2.719s]                  from /home/j/colcon_ws/ORB_SLAM3/include/Viewer.h:23,
[2.719s]                  from /home/j/colcon_ws/ORB_SLAM3/include/Tracking.h:26,
[2.719s]                  from /home/j/colcon_ws/ORB_SLAM3/include/System.h:31,
[2.719s]                  from /home/j/colcon_ws/src/orbslam3_ros2/src/stereo-inertial/stereo-inertial-node.hpp:10,
[2.719s]                  from /home/j/colcon_ws/src/orbslam3_ros2/src/stereo-inertial/stereo-inertial-node.cpp:1:
[2.719s] /usr/include/eigen3/Eigen/src/Core/util/Constants.h:167:37: note: declared here
[2.719s]   167 | EIGEN_DEPRECATED const unsigned int AlignedBit = 0x80;
[2.719s]       |                                     ^~~~~~~~~~
[2.745s] In file included from /home/j/colcon_ws/ORB_SLAM3/Thirdparty/g2o/g2o/types/types_six_dof_expmap.h:38,
[2.745s]                  from /home/j/colcon_ws/ORB_SLAM3/include/Converter.h:26,
[2.745s]                  from /home/j/colcon_ws/ORB_SLAM3/include/Frame.h:33,
[2.745s]                  from /home/j/colcon_ws/ORB_SLAM3/include/KeyFrame.h:28,
[2.745s]                  from /home/j/colcon_ws/ORB_SLAM3/include/MapPoint.h:23,
[2.745s]                  from /home/j/colcon_ws/ORB_SLAM3/include/FrameDrawer.h:24,
[2.745s]                  from /home/j/colcon_ws/ORB_SLAM3/include/Viewer.h:23,
[2.745s]                  from /home/j/colcon_ws/ORB_SLAM3/include/Tracking.h:26,
[2.745s]                  from /home/j/colcon_ws/ORB_SLAM3/include/System.h:31,
[2.745s]                  from /home/j/colcon_ws/src/orbslam3_ros2/src/stereo-inertial/stereo-inertial-node.hpp:10,
[2.745s]                  from /home/j/colcon_ws/src/orbslam3_ros2/src/stereo-inertial/stereo-inertial-node.cpp:1:
[2.745s] /home/j/colcon_ws/ORB_SLAM3/Thirdparty/g2o/g2o/types/../core/base_binary_edge.h: In instantiation of ‘class g2o::BaseBinaryEdge<3, Eigen::Matrix<double, 3, 1>, g2o::VertexSBAPointXYZ, g2o::VertexSE3Expmap>’:
[2.745s] /home/j/colcon_ws/ORB_SLAM3/Thirdparty/g2o/g2o/types/types_six_dof_expmap.h:146:41:   required from here
[2.745s] /home/j/colcon_ws/ORB_SLAM3/Thirdparty/g2o/g2o/types/../core/base_binary_edge.h:59:80: warning: ‘Eigen::AlignedBit’ is deprecated [-Wdeprecated-declarations]
[2.745s]    59 |       typedef Eigen::Map<Matrix<double, Di, Dj>, Matrix<double, Di, Dj>::Flags & AlignedBit ? Aligned : Unaligned > HessianBlockType;
[2.745s]       |                                                                          ~~~~~~^~~~~~~~~~~~
[2.745s] In file included from /usr/include/eigen3/Eigen/Core:161,
[2.745s]                  from /usr/include/eigen3/Eigen/LU:11,
[2.745s]                  from /home/j/colcon_ws/ORB_SLAM3/Thirdparty/Sophus/sophus/so2.hpp:12,
[2.745s]                  from /home/j/colcon_ws/ORB_SLAM3/Thirdparty/Sophus/sophus/se2.hpp:7,
[2.745s]                  from /home/j/colcon_ws/ORB_SLAM3/Thirdparty/Sophus/sophus/geometry.hpp:7,
[2.745s]                  from /home/j/colcon_ws/ORB_SLAM3/include/Frame.h:28,
[2.746s]                  from /home/j/colcon_ws/ORB_SLAM3/include/KeyFrame.h:28,
[2.746s]                  from /home/j/colcon_ws/ORB_SLAM3/include/MapPoint.h:23,
[2.746s]                  from /home/j/colcon_ws/ORB_SLAM3/include/FrameDrawer.h:24,
[2.746s]                  from /home/j/colcon_ws/ORB_SLAM3/include/Viewer.h:23,
[2.746s]                  from /home/j/colcon_ws/ORB_SLAM3/include/Tracking.h:26,
[2.746s]                  from /home/j/colcon_ws/ORB_SLAM3/include/System.h:31,
[2.746s]                  from /home/j/colcon_ws/src/orbslam3_ros2/src/stereo-inertial/stereo-inertial-node.hpp:10,
[2.746s]                  from /home/j/colcon_ws/src/orbslam3_ros2/src/stereo-inertial/stereo-inertial-node.cpp:1:
[2.746s] /usr/include/eigen3/Eigen/src/Core/util/Constants.h:167:37: note: declared here
[2.746s]   167 | EIGEN_DEPRECATED const unsigned int AlignedBit = 0x80;
[2.746s]       |                                     ^~~~~~~~~~
[2.746s] In file included from /home/j/colcon_ws/ORB_SLAM3/Thirdparty/g2o/g2o/types/types_six_dof_expmap.h:38,
[2.746s]                  from /home/j/colcon_ws/ORB_SLAM3/include/Converter.h:26,
[2.746s]                  from /home/j/colcon_ws/ORB_SLAM3/include/Frame.h:33,
[2.746s]                  from /home/j/colcon_ws/ORB_SLAM3/include/KeyFrame.h:28,
[2.746s]                  from /home/j/colcon_ws/ORB_SLAM3/include/MapPoint.h:23,
[2.746s]                  from /home/j/colcon_ws/ORB_SLAM3/include/FrameDrawer.h:24,
[2.746s]                  from /home/j/colcon_ws/ORB_SLAM3/include/Viewer.h:23,
[2.746s]                  from /home/j/colcon_ws/ORB_SLAM3/include/Tracking.h:26,
[2.746s]                  from /home/j/colcon_ws/ORB_SLAM3/include/System.h:31,
[2.746s]                  from /home/j/colcon_ws/src/orbslam3_ros2/src/stereo-inertial/stereo-inertial-node.hpp:10,
[2.746s]                  from /home/j/colcon_ws/src/orbslam3_ros2/src/stereo-inertial/stereo-inertial-node.cpp:1:
[2.746s] /home/j/colcon_ws/ORB_SLAM3/Thirdparty/g2o/g2o/types/../core/base_binary_edge.h:60:80: warning: ‘Eigen::AlignedBit’ is deprecated [-Wdeprecated-declarations]
[2.746s]    60 |       typedef Eigen::Map<Matrix<double, Dj, Di>, Matrix<double, Dj, Di>::Flags & AlignedBit ? Aligned : Unaligned > HessianBlockTransposedType;
[2.746s]       |                                                                          ~~~~~~^~~~~~~~~~~~
[2.746s] In file included from /usr/include/eigen3/Eigen/Core:161,
[2.746s]                  from /usr/include/eigen3/Eigen/LU:11,
[2.746s]                  from /home/j/colcon_ws/ORB_SLAM3/Thirdparty/Sophus/sophus/so2.hpp:12,
[2.746s]                  from /home/j/colcon_ws/ORB_SLAM3/Thirdparty/Sophus/sophus/se2.hpp:7,
[2.746s]                  from /home/j/colcon_ws/ORB_SLAM3/Thirdparty/Sophus/sophus/geometry.hpp:7,
[2.746s]                  from /home/j/colcon_ws/ORB_SLAM3/include/Frame.h:28,
[2.746s]                  from /home/j/colcon_ws/ORB_SLAM3/include/KeyFrame.h:28,
[2.746s]                  from /home/j/colcon_ws/ORB_SLAM3/include/MapPoint.h:23,
[2.746s]                  from /home/j/colcon_ws/ORB_SLAM3/include/FrameDrawer.h:24,
[2.746s]                  from /home/j/colcon_ws/ORB_SLAM3/include/Viewer.h:23,
[2.746s]                  from /home/j/colcon_ws/ORB_SLAM3/include/Tracking.h:26,
[2.746s]                  from /home/j/colcon_ws/ORB_SLAM3/include/System.h:31,
[2.746s]                  from /home/j/colcon_ws/src/orbslam3_ros2/src/stereo-inertial/stereo-inertial-node.hpp:10,
[2.746s]                  from /home/j/colcon_ws/src/orbslam3_ros2/src/stereo-inertial/stereo-inertial-node.cpp:1:
[2.746s] /usr/include/eigen3/Eigen/src/Core/util/Constants.h:167:37: note: declared here
[2.746s]   167 | EIGEN_DEPRECATED const unsigned int AlignedBit = 0x80;
[2.746s]       |                                     ^~~~~~~~~~
[2.839s] In file included from /home/j/colcon_ws/ORB_SLAM3/Thirdparty/g2o/g2o/types/types_six_dof_expmap.h:37,
[2.840s]                  from /home/j/colcon_ws/ORB_SLAM3/include/Converter.h:26,
[2.840s]                  from /home/j/colcon_ws/ORB_SLAM3/include/Frame.h:33,
[2.840s]                  from /home/j/colcon_ws/ORB_SLAM3/include/KeyFrame.h:28,
[2.840s]                  from /home/j/colcon_ws/ORB_SLAM3/include/MapPoint.h:23,
[2.840s]                  from /home/j/colcon_ws/ORB_SLAM3/include/FrameDrawer.h:24,
[2.840s]                  from /home/j/colcon_ws/ORB_SLAM3/include/Viewer.h:23,
[2.840s]                  from /home/j/colcon_ws/ORB_SLAM3/include/Tracking.h:26,
[2.840s]                  from /home/j/colcon_ws/ORB_SLAM3/include/System.h:31,
[2.840s]                  from /home/j/colcon_ws/src/orbslam3_ros2/src/stereo-inertial/stereo-inertial-node.hpp:10,
[2.840s]                  from /home/j/colcon_ws/src/orbslam3_ros2/src/stereo-inertial/stereo-inertial-node.cpp:1:
[2.840s] /home/j/colcon_ws/ORB_SLAM3/Thirdparty/g2o/g2o/types/../core/base_vertex.h: In instantiation of ‘class g2o::BaseVertex<7, g2o::Sim3>’:
[2.840s] /home/j/colcon_ws/ORB_SLAM3/Thirdparty/g2o/g2o/types/types_seven_dof_expmap.h:48:35:   required from here
[2.840s] /home/j/colcon_ws/ORB_SLAM3/Thirdparty/g2o/g2o/types/../core/base_vertex.h:62:72: warning: ‘Eigen::AlignedBit’ is deprecated [-Wdeprecated-declarations]
[2.840s]    62 |     typedef Eigen::Map<Matrix<double, D, D>, Matrix<double,D,D>::Flags & AlignedBit ? Aligned : Unaligned >  HessianBlockType;
[2.840s]       |                                                                  ~~~~~~^~~~~~~~~~~~
[2.840s] In file included from /usr/include/eigen3/Eigen/Core:161,
[2.840s]                  from /usr/include/eigen3/Eigen/LU:11,
[2.840s]                  from /home/j/colcon_ws/ORB_SLAM3/Thirdparty/Sophus/sophus/so2.hpp:12,
[2.840s]                  from /home/j/colcon_ws/ORB_SLAM3/Thirdparty/Sophus/sophus/se2.hpp:7,
[2.840s]                  from /home/j/colcon_ws/ORB_SLAM3/Thirdparty/Sophus/sophus/geometry.hpp:7,
[2.840s]                  from /home/j/colcon_ws/ORB_SLAM3/include/Frame.h:28,
[2.840s]                  from /home/j/colcon_ws/ORB_SLAM3/include/KeyFrame.h:28,
[2.840s]                  from /home/j/colcon_ws/ORB_SLAM3/include/MapPoint.h:23,
[2.840s]                  from /home/j/colcon_ws/ORB_SLAM3/include/FrameDrawer.h:24,
[2.840s]                  from /home/j/colcon_ws/ORB_SLAM3/include/Viewer.h:23,
[2.840s]                  from /home/j/colcon_ws/ORB_SLAM3/include/Tracking.h:26,
[2.840s]                  from /home/j/colcon_ws/ORB_SLAM3/include/System.h:31,
[2.840s]                  from /home/j/colcon_ws/src/orbslam3_ros2/src/stereo-inertial/stereo-inertial-node.hpp:10,
[2.840s]                  from /home/j/colcon_ws/src/orbslam3_ros2/src/stereo-inertial/stereo-inertial-node.cpp:1:
[2.840s] /usr/include/eigen3/Eigen/src/Core/util/Constants.h:167:37: note: declared here
[2.840s]   167 | EIGEN_DEPRECATED const unsigned int AlignedBit = 0x80;
[2.840s]       |                                     ^~~~~~~~~~
[2.854s] In file included from /home/j/colcon_ws/ORB_SLAM3/Thirdparty/g2o/g2o/types/types_six_dof_expmap.h:38,
[2.854s]                  from /home/j/colcon_ws/ORB_SLAM3/include/Converter.h:26,
[2.854s]                  from /home/j/colcon_ws/ORB_SLAM3/include/Frame.h:33,
[2.854s]                  from /home/j/colcon_ws/ORB_SLAM3/include/KeyFrame.h:28,
[2.854s]                  from /home/j/colcon_ws/ORB_SLAM3/include/MapPoint.h:23,
[2.854s]                  from /home/j/colcon_ws/ORB_SLAM3/include/FrameDrawer.h:24,
[2.854s]                  from /home/j/colcon_ws/ORB_SLAM3/include/Viewer.h:23,
[2.854s]                  from /home/j/colcon_ws/ORB_SLAM3/include/Tracking.h:26,
[2.854s]                  from /home/j/colcon_ws/ORB_SLAM3/include/System.h:31,
[2.854s]                  from /home/j/colcon_ws/src/orbslam3_ros2/src/stereo-inertial/stereo-inertial-node.hpp:10,
[2.854s]                  from /home/j/colcon_ws/src/orbslam3_ros2/src/stereo-inertial/stereo-inertial-node.cpp:1:
[2.854s] /home/j/colcon_ws/ORB_SLAM3/Thirdparty/g2o/g2o/types/../core/base_binary_edge.h: In instantiation of ‘class g2o::BaseBinaryEdge<7, g2o::Sim3, g2o::VertexSim3Expmap, g2o::VertexSim3Expmap>’:
[2.854s] /home/j/colcon_ws/ORB_SLAM3/Thirdparty/g2o/g2o/types/types_seven_dof_expmap.h:99:27:   required from here
[2.854s] /home/j/colcon_ws/ORB_SLAM3/Thirdparty/g2o/g2o/types/../core/base_binary_edge.h:59:80: warning: ‘Eigen::AlignedBit’ is deprecated [-Wdeprecated-declarations]
[2.855s]    59 |       typedef Eigen::Map<Matrix<double, Di, Dj>, Matrix<double, Di, Dj>::Flags & AlignedBit ? Aligned : Unaligned > HessianBlockType;
[2.855s]       |                                                                          ~~~~~~^~~~~~~~~~~~
[2.855s] In file included from /usr/include/eigen3/Eigen/Core:161,
[2.855s]                  from /usr/include/eigen3/Eigen/LU:11,
[2.855s]                  from /home/j/colcon_ws/ORB_SLAM3/Thirdparty/Sophus/sophus/so2.hpp:12,
[2.855s]                  from /home/j/colcon_ws/ORB_SLAM3/Thirdparty/Sophus/sophus/se2.hpp:7,
[2.855s]                  from /home/j/colcon_ws/ORB_SLAM3/Thirdparty/Sophus/sophus/geometry.hpp:7,
[2.855s]                  from /home/j/colcon_ws/ORB_SLAM3/include/Frame.h:28,
[2.855s]                  from /home/j/colcon_ws/ORB_SLAM3/include/KeyFrame.h:28,
[2.855s]                  from /home/j/colcon_ws/ORB_SLAM3/include/MapPoint.h:23,
[2.855s]                  from /home/j/colcon_ws/ORB_SLAM3/include/FrameDrawer.h:24,
[2.855s]                  from /home/j/colcon_ws/ORB_SLAM3/include/Viewer.h:23,
[2.855s]                  from /home/j/colcon_ws/ORB_SLAM3/include/Tracking.h:26,
[2.855s]                  from /home/j/colcon_ws/ORB_SLAM3/include/System.h:31,
[2.855s]                  from /home/j/colcon_ws/src/orbslam3_ros2/src/stereo-inertial/stereo-inertial-node.hpp:10,
[2.855s]                  from /home/j/colcon_ws/src/orbslam3_ros2/src/stereo-inertial/stereo-inertial-node.cpp:1:
[2.855s] /usr/include/eigen3/Eigen/src/Core/util/Constants.h:167:37: note: declared here
[2.855s]   167 | EIGEN_DEPRECATED const unsigned int AlignedBit = 0x80;
[2.855s]       |                                     ^~~~~~~~~~
[2.855s] In file included from /home/j/colcon_ws/ORB_SLAM3/Thirdparty/g2o/g2o/types/types_six_dof_expmap.h:38,
[2.855s]                  from /home/j/colcon_ws/ORB_SLAM3/include/Converter.h:26,
[2.855s]                  from /home/j/colcon_ws/ORB_SLAM3/include/Frame.h:33,
[2.855s]                  from /home/j/colcon_ws/ORB_SLAM3/include/KeyFrame.h:28,
[2.855s]                  from /home/j/colcon_ws/ORB_SLAM3/include/MapPoint.h:23,
[2.855s]                  from /home/j/colcon_ws/ORB_SLAM3/include/FrameDrawer.h:24,
[2.855s]                  from /home/j/colcon_ws/ORB_SLAM3/include/Viewer.h:23,
[2.855s]                  from /home/j/colcon_ws/ORB_SLAM3/include/Tracking.h:26,
[2.855s]                  from /home/j/colcon_ws/ORB_SLAM3/include/System.h:31,
[2.855s]                  from /home/j/colcon_ws/src/orbslam3_ros2/src/stereo-inertial/stereo-inertial-node.hpp:10,
[2.855s]                  from /home/j/colcon_ws/src/orbslam3_ros2/src/stereo-inertial/stereo-inertial-node.cpp:1:
[2.855s] /home/j/colcon_ws/ORB_SLAM3/Thirdparty/g2o/g2o/types/../core/base_binary_edge.h:60:80: warning: ‘Eigen::AlignedBit’ is deprecated [-Wdeprecated-declarations]
[2.855s]    60 |       typedef Eigen::Map<Matrix<double, Dj, Di>, Matrix<double, Dj, Di>::Flags & AlignedBit ? Aligned : Unaligned > HessianBlockTransposedType;
[2.855s]       |                                                                          ~~~~~~^~~~~~~~~~~~
[2.855s] In file included from /usr/include/eigen3/Eigen/Core:161,
[2.855s]                  from /usr/include/eigen3/Eigen/LU:11,
[2.855s]                  from /home/j/colcon_ws/ORB_SLAM3/Thirdparty/Sophus/sophus/so2.hpp:12,
[2.855s]                  from /home/j/colcon_ws/ORB_SLAM3/Thirdparty/Sophus/sophus/se2.hpp:7,
[2.855s]                  from /home/j/colcon_ws/ORB_SLAM3/Thirdparty/Sophus/sophus/geometry.hpp:7,
[2.855s]                  from /home/j/colcon_ws/ORB_SLAM3/include/Frame.h:28,
[2.855s]                  from /home/j/colcon_ws/ORB_SLAM3/include/KeyFrame.h:28,
[2.855s]                  from /home/j/colcon_ws/ORB_SLAM3/include/MapPoint.h:23,
[2.855s]                  from /home/j/colcon_ws/ORB_SLAM3/include/FrameDrawer.h:24,
[2.855s]                  from /home/j/colcon_ws/ORB_SLAM3/include/Viewer.h:23,
[2.855s]                  from /home/j/colcon_ws/ORB_SLAM3/include/Tracking.h:26,
[2.855s]                  from /home/j/colcon_ws/ORB_SLAM3/include/System.h:31,
[2.855s]                  from /home/j/colcon_ws/src/orbslam3_ros2/src/stereo-inertial/stereo-inertial-node.hpp:10,
[2.855s]                  from /home/j/colcon_ws/src/orbslam3_ros2/src/stereo-inertial/stereo-inertial-node.cpp:1:
[2.855s] /usr/include/eigen3/Eigen/src/Core/util/Constants.h:167:37: note: declared here
[2.856s]   167 | EIGEN_DEPRECATED const unsigned int AlignedBit = 0x80;
[2.856s]       |                                     ^~~~~~~~~~
[2.874s] In file included from /home/j/colcon_ws/ORB_SLAM3/Thirdparty/g2o/g2o/types/types_six_dof_expmap.h:38,
[2.874s]                  from /home/j/colcon_ws/ORB_SLAM3/include/Converter.h:26,
[2.874s]                  from /home/j/colcon_ws/ORB_SLAM3/include/Frame.h:33,
[2.874s]                  from /home/j/colcon_ws/ORB_SLAM3/include/KeyFrame.h:28,
[2.874s]                  from /home/j/colcon_ws/ORB_SLAM3/include/MapPoint.h:23,
[2.874s]                  from /home/j/colcon_ws/ORB_SLAM3/include/FrameDrawer.h:24,
[2.874s]                  from /home/j/colcon_ws/ORB_SLAM3/include/Viewer.h:23,
[2.874s]                  from /home/j/colcon_ws/ORB_SLAM3/include/Tracking.h:26,
[2.874s]                  from /home/j/colcon_ws/ORB_SLAM3/include/System.h:31,
[2.874s]                  from /home/j/colcon_ws/src/orbslam3_ros2/src/stereo-inertial/stereo-inertial-node.hpp:10,
[2.874s]                  from /home/j/colcon_ws/src/orbslam3_ros2/src/stereo-inertial/stereo-inertial-node.cpp:1:
[2.874s] /home/j/colcon_ws/ORB_SLAM3/Thirdparty/g2o/g2o/types/../core/base_binary_edge.h: In instantiation of ‘class g2o::BaseBinaryEdge<2, Eigen::Matrix<double, 2, 1>, g2o::VertexSBAPointXYZ, g2o::VertexSim3Expmap>’:
[2.874s] /home/j/colcon_ws/ORB_SLAM3/Thirdparty/g2o/g2o/types/types_seven_dof_expmap.h:130:36:   required from here
[2.874s] /home/j/colcon_ws/ORB_SLAM3/Thirdparty/g2o/g2o/types/../core/base_binary_edge.h:59:80: warning: ‘Eigen::AlignedBit’ is deprecated [-Wdeprecated-declarations]
[2.874s]    59 |       typedef Eigen::Map<Matrix<double, Di, Dj>, Matrix<double, Di, Dj>::Flags & AlignedBit ? Aligned : Unaligned > HessianBlockType;
[2.874s]       |                                                                          ~~~~~~^~~~~~~~~~~~
[2.874s] In file included from /usr/include/eigen3/Eigen/Core:161,
[2.874s]                  from /usr/include/eigen3/Eigen/LU:11,
[2.874s]                  from /home/j/colcon_ws/ORB_SLAM3/Thirdparty/Sophus/sophus/so2.hpp:12,
[2.874s]                  from /home/j/colcon_ws/ORB_SLAM3/Thirdparty/Sophus/sophus/se2.hpp:7,
[2.874s]                  from /home/j/colcon_ws/ORB_SLAM3/Thirdparty/Sophus/sophus/geometry.hpp:7,
[2.874s]                  from /home/j/colcon_ws/ORB_SLAM3/include/Frame.h:28,
[2.874s]                  from /home/j/colcon_ws/ORB_SLAM3/include/KeyFrame.h:28,
[2.874s]                  from /home/j/colcon_ws/ORB_SLAM3/include/MapPoint.h:23,
[2.874s]                  from /home/j/colcon_ws/ORB_SLAM3/include/FrameDrawer.h:24,
[2.874s]                  from /home/j/colcon_ws/ORB_SLAM3/include/Viewer.h:23,
[2.875s]                  from /home/j/colcon_ws/ORB_SLAM3/include/Tracking.h:26,
[2.875s]                  from /home/j/colcon_ws/ORB_SLAM3/include/System.h:31,
[2.875s]                  from /home/j/colcon_ws/src/orbslam3_ros2/src/stereo-inertial/stereo-inertial-node.hpp:10,
[2.875s]                  from /home/j/colcon_ws/src/orbslam3_ros2/src/stereo-inertial/stereo-inertial-node.cpp:1:
[2.875s] /usr/include/eigen3/Eigen/src/Core/util/Constants.h:167:37: note: declared here
[2.875s]   167 | EIGEN_DEPRECATED const unsigned int AlignedBit = 0x80;
[2.875s]       |                                     ^~~~~~~~~~
[2.881s] In file included from /home/j/colcon_ws/ORB_SLAM3/Thirdparty/g2o/g2o/types/types_six_dof_expmap.h:38,
[2.881s]                  from /home/j/colcon_ws/ORB_SLAM3/include/Converter.h:26,
[2.881s]                  from /home/j/colcon_ws/ORB_SLAM3/include/Frame.h:33,
[2.881s]                  from /home/j/colcon_ws/ORB_SLAM3/include/KeyFrame.h:28,
[2.881s]                  from /home/j/colcon_ws/ORB_SLAM3/include/MapPoint.h:23,
[2.881s]                  from /home/j/colcon_ws/ORB_SLAM3/include/FrameDrawer.h:24,
[2.881s]                  from /home/j/colcon_ws/ORB_SLAM3/include/Viewer.h:23,
[2.881s]                  from /home/j/colcon_ws/ORB_SLAM3/include/Tracking.h:26,
[2.881s]                  from /home/j/colcon_ws/ORB_SLAM3/include/System.h:31,
[2.881s]                  from /home/j/colcon_ws/src/orbslam3_ros2/src/stereo-inertial/stereo-inertial-node.hpp:10,
[2.882s]                  from /home/j/colcon_ws/src/orbslam3_ros2/src/stereo-inertial/stereo-inertial-node.cpp:1:
[2.882s] /home/j/colcon_ws/ORB_SLAM3/Thirdparty/g2o/g2o/types/../core/base_binary_edge.h:60:80: warning: ‘Eigen::AlignedBit’ is deprecated [-Wdeprecated-declarations]
[2.882s]    60 |       typedef Eigen::Map<Matrix<double, Dj, Di>, Matrix<double, Dj, Di>::Flags & AlignedBit ? Aligned : Unaligned > HessianBlockTransposedType;
[2.882s]       |                                                                          ~~~~~~^~~~~~~~~~~~
[2.882s] In file included from /usr/include/eigen3/Eigen/Core:161,
[2.882s]                  from /usr/include/eigen3/Eigen/LU:11,
[2.882s]                  from /home/j/colcon_ws/ORB_SLAM3/Thirdparty/Sophus/sophus/so2.hpp:12,
[2.882s]                  from /home/j/colcon_ws/ORB_SLAM3/Thirdparty/Sophus/sophus/se2.hpp:7,
[2.882s]                  from /home/j/colcon_ws/ORB_SLAM3/Thirdparty/Sophus/sophus/geometry.hpp:7,
[2.882s]                  from /home/j/colcon_ws/ORB_SLAM3/include/Frame.h:28,
[2.882s]                  from /home/j/colcon_ws/ORB_SLAM3/include/KeyFrame.h:28,
[2.882s]                  from /home/j/colcon_ws/ORB_SLAM3/include/MapPoint.h:23,
[2.882s]                  from /home/j/colcon_ws/ORB_SLAM3/include/FrameDrawer.h:24,
[2.882s]                  from /home/j/colcon_ws/ORB_SLAM3/include/Viewer.h:23,
[2.882s]                  from /home/j/colcon_ws/ORB_SLAM3/include/Tracking.h:26,
[2.882s]                  from /home/j/colcon_ws/ORB_SLAM3/include/System.h:31,
[2.882s]                  from /home/j/colcon_ws/src/orbslam3_ros2/src/stereo-inertial/stereo-inertial-node.hpp:10,
[2.882s]                  from /home/j/colcon_ws/src/orbslam3_ros2/src/stereo-inertial/stereo-inertial-node.cpp:1:
[2.882s] /usr/include/eigen3/Eigen/src/Core/util/Constants.h:167:37: note: declared here
[2.883s]   167 | EIGEN_DEPRECATED const unsigned int AlignedBit = 0x80;
[2.883s]       |                                     ^~~~~~~~~~
[3.378s] In file included from /home/j/colcon_ws/ORB_SLAM3/include/Atlas.h:26,
[3.378s]                  from /home/j/colcon_ws/ORB_SLAM3/include/FrameDrawer.h:25,
[3.378s]                  from /home/j/colcon_ws/ORB_SLAM3/include/Viewer.h:23,
[3.378s]                  from /home/j/colcon_ws/ORB_SLAM3/include/Tracking.h:26,
[3.378s]                  from /home/j/colcon_ws/ORB_SLAM3/include/System.h:31,
[3.379s]                  from /home/j/colcon_ws/src/orbslam3_ros2/src/stereo-inertial/stereo-inertial-node.hpp:10,
[3.379s]                  from /home/j/colcon_ws/src/orbslam3_ros2/src/stereo-inertial/stereo-inertial-node.cpp:1:
[3.379s] /home/j/colcon_ws/ORB_SLAM3/include/CameraModels/Pinhole.h: In member function ‘virtual bool ORB_SLAM3::Pinhole::matchAndtriangulate(const cv::KeyPoint&, const cv::KeyPoint&, ORB_SLAM3::GeometricCamera*, Sophus::SE3f&, Sophus::SE3f&, float, float, Eigen::Vector3f&)’:
[3.379s] /home/j/colcon_ws/ORB_SLAM3/include/CameraModels/Pinhole.h:83:54: warning: unused parameter ‘kp1’ [-Wunused-parameter]
[3.379s]    83 |         bool matchAndtriangulate(const cv::KeyPoint& kp1, const cv::KeyPoint& kp2, GeometricCamera* pOther,
[3.379s]       |                                  ~~~~~~~~~~~~~~~~~~~~^~~
[3.379s] /home/j/colcon_ws/ORB_SLAM3/include/CameraModels/Pinhole.h:83:79: warning: unused parameter ‘kp2’ [-Wunused-parameter]
[3.379s]    83 |         bool matchAndtriangulate(const cv::KeyPoint& kp1, const cv::KeyPoint& kp2, GeometricCamera* pOther,
[3.379s]       |                                                           ~~~~~~~~~~~~~~~~~~~~^~~
[3.379s] /home/j/colcon_ws/ORB_SLAM3/include/CameraModels/Pinhole.h:83:101: warning: unused parameter ‘pOther’ [-Wunused-parameter]
[3.379s]    83 |         bool matchAndtriangulate(const cv::KeyPoint& kp1, const cv::KeyPoint& kp2, GeometricCamera* pOther,
[3.379s]       |                                                                                    ~~~~~~~~~~~~~~~~~^~~~~~
[3.379s] /home/j/colcon_ws/ORB_SLAM3/include/CameraModels/Pinhole.h:84:48: warning: unused parameter ‘Tcw1’ [-Wunused-parameter]
[3.379s]    84 |                                  Sophus::SE3f& Tcw1, Sophus::SE3f& Tcw2,
[3.379s]       |                                  ~~~~~~~~~~~~~~^~~~
[3.379s] /home/j/colcon_ws/ORB_SLAM3/include/CameraModels/Pinhole.h:84:68: warning: unused parameter ‘Tcw2’ [-Wunused-parameter]
[3.379s]    84 |                                  Sophus::SE3f& Tcw1, Sophus::SE3f& Tcw2,
[3.379s]       |                                                      ~~~~~~~~~~~~~~^~~~
[3.379s] /home/j/colcon_ws/ORB_SLAM3/include/CameraModels/Pinhole.h:85:46: warning: unused parameter ‘sigmaLevel1’ [-Wunused-parameter]
[3.379s]    85 |                                  const float sigmaLevel1, const float sigmaLevel2,
[3.379s]       |                                  ~~~~~~~~~~~~^~~~~~~~~~~
[3.379s] /home/j/colcon_ws/ORB_SLAM3/include/CameraModels/Pinhole.h:85:71: warning: unused parameter ‘sigmaLevel2’ [-Wunused-parameter]
[3.379s]    85 |                                  const float sigmaLevel1, const float sigmaLevel2,
[3.379s]       |                                                           ~~~~~~~~~~~~^~~~~~~~~~~
[3.379s] /home/j/colcon_ws/ORB_SLAM3/include/CameraModels/Pinhole.h:86:51: warning: unused parameter ‘x3Dtriangulated’ [-Wunused-parameter]
[3.379s]    86 |                                  Eigen::Vector3f& x3Dtriangulated) { return false;}
[3.379s]       |                                  ~~~~~~~~~~~~~~~~~^~~~~~~~~~~~~~~
[3.379s] In file included from /home/j/colcon_ws/ORB_SLAM3/include/Atlas.h:27,
[3.379s]                  from /home/j/colcon_ws/ORB_SLAM3/include/FrameDrawer.h:25,
[3.379s]                  from /home/j/colcon_ws/ORB_SLAM3/include/Viewer.h:23,
[3.379s]                  from /home/j/colcon_ws/ORB_SLAM3/include/Tracking.h:26,
[3.379s]                  from /home/j/colcon_ws/ORB_SLAM3/include/System.h:31,
[3.379s]                  from /home/j/colcon_ws/src/orbslam3_ros2/src/stereo-inertial/stereo-inertial-node.hpp:10,
[3.379s]                  from /home/j/colcon_ws/src/orbslam3_ros2/src/stereo-inertial/stereo-inertial-node.cpp:1:
[3.379s] /home/j/colcon_ws/ORB_SLAM3/include/CameraModels/KannalaBrandt8.h: In constructor ‘ORB_SLAM3::KannalaBrandt8::KannalaBrandt8(std::vector<float>)’:
[3.380s] /home/j/colcon_ws/ORB_SLAM3/include/CameraModels/KannalaBrandt8.h:102:21: warning: ‘ORB_SLAM3::KannalaBrandt8::precision’ will be initialized after [-Wreorder]
[3.380s]   102 |         const float precision;
[3.380s]       |                     ^~~~~~~~~
[3.380s] /home/j/colcon_ws/ORB_SLAM3/include/CameraModels/KannalaBrandt8.h:88:26: warning:   ‘std::vector<int> ORB_SLAM3::KannalaBrandt8::mvLappingArea’ [-Wreorder]
[3.380s]    88 |         std::vector<int> mvLappingArea;
[3.380s]       |                          ^~~~~~~~~~~~~
[3.380s] In file included from /home/j/colcon_ws/ORB_SLAM3/include/Atlas.h:27,
[3.380s]                  from /home/j/colcon_ws/ORB_SLAM3/include/FrameDrawer.h:25,
[3.380s]                  from /home/j/colcon_ws/ORB_SLAM3/include/Viewer.h:23,
[3.380s]                  from /home/j/colcon_ws/ORB_SLAM3/include/Tracking.h:26,
[3.380s]                  from /home/j/colcon_ws/ORB_SLAM3/include/System.h:31,
[3.380s]                  from /home/j/colcon_ws/src/orbslam3_ros2/src/stereo-inertial/stereo-inertial-node.hpp:10,
[3.380s]                  from /home/j/colcon_ws/src/orbslam3_ros2/src/stereo-inertial/stereo-inertial-node.cpp:1:
[3.380s] /home/j/colcon_ws/ORB_SLAM3/include/CameraModels/KannalaBrandt8.h:47:9: warning:   when initialized here [-Wreorder]
[3.380s]    47 |         KannalaBrandt8(const std::vector<float> _vParameters) : GeometricCamera(_vParameters), precision(1e-6), mvLappingArea(2,0) ,tvr(nullptr) {
[3.380s]       |         ^~~~~~~~~~~~~~
[3.380s] In file included from /home/j/colcon_ws/ORB_SLAM3/include/Atlas.h:27,
[3.380s]                  from /home/j/colcon_ws/ORB_SLAM3/include/FrameDrawer.h:25,
[3.380s]                  from /home/j/colcon_ws/ORB_SLAM3/include/Viewer.h:23,
[3.380s]                  from /home/j/colcon_ws/ORB_SLAM3/include/Tracking.h:26,
[3.380s]                  from /home/j/colcon_ws/ORB_SLAM3/include/System.h:31,
[3.380s]                  from /home/j/colcon_ws/src/orbslam3_ros2/src/stereo-inertial/stereo-inertial-node.hpp:10,
[3.380s]                  from /home/j/colcon_ws/src/orbslam3_ros2/src/stereo-inertial/stereo-inertial-node.cpp:1:
[3.380s] /home/j/colcon_ws/ORB_SLAM3/include/CameraModels/KannalaBrandt8.h: In constructor ‘ORB_SLAM3::KannalaBrandt8::KannalaBrandt8(std::vector<float>, float)’:
[3.380s] /home/j/colcon_ws/ORB_SLAM3/include/CameraModels/KannalaBrandt8.h:102:21: warning: ‘ORB_SLAM3::KannalaBrandt8::precision’ will be initialized after [-Wreorder]
[3.380s]   102 |         const float precision;
[3.380s]       |                     ^~~~~~~~~
[3.380s] /home/j/colcon_ws/ORB_SLAM3/include/CameraModels/KannalaBrandt8.h:88:26: warning:   ‘std::vector<int> ORB_SLAM3::KannalaBrandt8::mvLappingArea’ [-Wreorder]
[3.380s]    88 |         std::vector<int> mvLappingArea;
[3.380s]       |                          ^~~~~~~~~~~~~
[3.380s] /home/j/colcon_ws/ORB_SLAM3/include/CameraModels/KannalaBrandt8.h:53:9: warning:   when initialized here [-Wreorder]
[3.380s]    53 |         KannalaBrandt8(const std::vector<float> _vParameters, const float _precision) : GeometricCamera(_vParameters),
[3.380s]       |         ^~~~~~~~~~~~~~
[3.380s] /home/j/colcon_ws/ORB_SLAM3/include/CameraModels/KannalaBrandt8.h: In constructor ‘ORB_SLAM3::KannalaBrandt8::KannalaBrandt8(ORB_SLAM3::KannalaBrandt8*)’:
[3.380s] /home/j/colcon_ws/ORB_SLAM3/include/CameraModels/KannalaBrandt8.h:102:21: warning: ‘ORB_SLAM3::KannalaBrandt8::precision’ will be initialized after [-Wreorder]
[3.380s]   102 |         const float precision;
[3.380s]       |                     ^~~~~~~~~
[3.380s] /home/j/colcon_ws/ORB_SLAM3/include/CameraModels/KannalaBrandt8.h:88:26: warning:   ‘std::vector<int> ORB_SLAM3::KannalaBrandt8::mvLappingArea’ [-Wreorder]
[3.380s]    88 |         std::vector<int> mvLappingArea;
[3.380s]       |                          ^~~~~~~~~~~~~
[3.380s] /home/j/colcon_ws/ORB_SLAM3/include/CameraModels/KannalaBrandt8.h:59:9: warning:   when initialized here [-Wreorder]
[3.380s]    59 |         KannalaBrandt8(KannalaBrandt8* pKannala) : GeometricCamera(pKannala->mvParameters), precision(pKannala->precision), mvLappingArea(2,0) ,tvr(nullptr) {
[3.381s]       |         ^~~~~~~~~~~~~~
[11.588s] [ 91%] Linking CXX executable stereo-inertial
[11.972s] [100%] Built target stereo-inertial
[11.978s] Invoked command in '/home/j/colcon_ws/build/orbslam3' returned '0': CMAKE_PREFIX_PATH=/opt/ros/humble /usr/bin/cmake --build /home/j/colcon_ws/build/orbslam3 -- -j24 -l24
[11.984s] Invoking command in '/home/j/colcon_ws/build/orbslam3': CMAKE_PREFIX_PATH=/opt/ros/humble /usr/bin/cmake --install /home/j/colcon_ws/build/orbslam3
[11.990s] -- Install configuration: "Release"
[11.990s] -- Execute custom install script
[11.990s] -- Up-to-date symlink: /home/j/colcon_ws/install/orbslam3/lib/orbslam3/mono
[11.991s] -- Up-to-date symlink: /home/j/colcon_ws/install/orbslam3/lib/orbslam3/rgbd
[11.991s] -- Up-to-date symlink: /home/j/colcon_ws/install/orbslam3/lib/orbslam3/stereo
[11.991s] -- Up-to-date symlink: /home/j/colcon_ws/install/orbslam3/lib/orbslam3/stereo-inertial
[11.991s] -- Up-to-date symlink: /home/j/colcon_ws/install/orbslam3/share/ament_index/resource_index/package_run_dependencies/orbslam3
[11.991s] -- Up-to-date symlink: /home/j/colcon_ws/install/orbslam3/share/ament_index/resource_index/parent_prefix_path/orbslam3
[11.991s] -- Up-to-date symlink: /home/j/colcon_ws/install/orbslam3/share/orbslam3/environment/ament_prefix_path.sh
[11.991s] -- Up-to-date symlink: /home/j/colcon_ws/install/orbslam3/share/orbslam3/environment/ament_prefix_path.dsv
[11.991s] -- Up-to-date symlink: /home/j/colcon_ws/install/orbslam3/share/orbslam3/environment/path.sh
[11.991s] -- Up-to-date symlink: /home/j/colcon_ws/install/orbslam3/share/orbslam3/environment/path.dsv
[11.991s] -- Up-to-date symlink: /home/j/colcon_ws/install/orbslam3/share/orbslam3/local_setup.bash
[11.991s] -- Up-to-date symlink: /home/j/colcon_ws/install/orbslam3/share/orbslam3/local_setup.sh
[11.991s] -- Up-to-date symlink: /home/j/colcon_ws/install/orbslam3/share/orbslam3/local_setup.zsh
[11.991s] -- Up-to-date symlink: /home/j/colcon_ws/install/orbslam3/share/orbslam3/local_setup.dsv
[11.991s] -- Symlinking: /home/j/colcon_ws/install/orbslam3/share/orbslam3/package.dsv
[11.996s] -- Up-to-date symlink: /home/j/colcon_ws/install/orbslam3/share/ament_index/resource_index/packages/orbslam3
[11.996s] -- Up-to-date symlink: /home/j/colcon_ws/install/orbslam3/share/orbslam3/cmake/orbslam3Config.cmake
[11.997s] -- Up-to-date symlink: /home/j/colcon_ws/install/orbslam3/share/orbslam3/cmake/orbslam3Config-version.cmake
[11.997s] -- Up-to-date symlink: /home/j/colcon_ws/install/orbslam3/share/orbslam3/package.xml
[11.997s] Invoked command in '/home/j/colcon_ws/build/orbslam3' returned '0': CMAKE_PREFIX_PATH=/opt/ros/humble /usr/bin/cmake --install /home/j/colcon_ws/build/orbslam3
